Component: ARM Compiler 5.06 update 7 (build 960) Tool: armlink [4d3601]

==============================================================================

Section Cross References

    startup_stm32f103xb.o(STACK) refers (Special) to heapauxi.o(.text) for __use_two_region_memory
    startup_stm32f103xb.o(HEAP) refers (Special) to heapauxi.o(.text) for __use_two_region_memory
    startup_stm32f103xb.o(RESET) refers (Special) to heapauxi.o(.text) for __use_two_region_memory
    startup_stm32f103xb.o(RESET) refers to startup_stm32f103xb.o(STACK) for __initial_sp
    startup_stm32f103xb.o(RESET) refers to startup_stm32f103xb.o(.text) for Reset_Handler
    startup_stm32f103xb.o(RESET) refers to stm32f1xx_it.o(i.NMI_Handler) for NMI_Handler
    startup_stm32f103xb.o(RESET) refers to stm32f1xx_it.o(i.HardFault_Handler) for HardFault_Handler
    startup_stm32f103xb.o(RESET) refers to stm32f1xx_it.o(i.MemManage_Handler) for MemManage_Handler
    startup_stm32f103xb.o(RESET) refers to stm32f1xx_it.o(i.BusFault_Handler) for BusFault_Handler
    startup_stm32f103xb.o(RESET) refers to stm32f1xx_it.o(i.UsageFault_Handler) for UsageFault_Handler
    startup_stm32f103xb.o(RESET) refers to stm32f1xx_it.o(i.SVC_Handler) for SVC_Handler
    startup_stm32f103xb.o(RESET) refers to stm32f1xx_it.o(i.DebugMon_Handler) for DebugMon_Handler
    startup_stm32f103xb.o(RESET) refers to stm32f1xx_it.o(i.PendSV_Handler) for PendSV_Handler
    startup_stm32f103xb.o(RESET) refers to stm32f1xx_it.o(i.SysTick_Handler) for SysTick_Handler
    startup_stm32f103xb.o(.text) refers (Special) to heapauxi.o(.text) for __use_two_region_memory
    startup_stm32f103xb.o(.text) refers to system_stm32f1xx.o(i.SystemInit) for SystemInit
    startup_stm32f103xb.o(.text) refers to __main.o(!!!main) for __main
    startup_stm32f103xb.o(.text) refers to startup_stm32f103xb.o(HEAP) for Heap_Mem
    startup_stm32f103xb.o(.text) refers to startup_stm32f103xb.o(STACK) for Stack_Mem
    hx711.o(i.hx711_calibration) refers to hx711.o(i.hx711_lock) for hx711_lock
    hx711.o(i.hx711_calibration) refers to fflt_clz.o(x$fpl$fflt) for __aeabi_i2f
    hx711.o(i.hx711_calibration) refers to fdiv.o(x$fpl$fdiv) for __aeabi_fdiv
    hx711.o(i.hx711_delay_us) refers to stm32f1xx_hal_tim.o(i.HAL_TIM_Base_Stop) for HAL_TIM_Base_Stop
    hx711.o(i.hx711_delay_us) refers to stm32f1xx_hal_tim.o(i.HAL_TIM_Base_Start) for HAL_TIM_Base_Start
    hx711.o(i.hx711_handle) refers to hx711.o(i.hx711_weight) for hx711_weight
    hx711.o(i.hx711_handle) refers to ffixu.o(x$fpl$ffixu) for __aeabi_f2uiz
    hx711.o(i.hx711_handle) refers to fflt_clz.o(x$fpl$ffltu) for __aeabi_ui2f
    hx711.o(i.hx711_handle) refers to main.o(i.hx711_callback) for hx711_callback
    hx711.o(i.hx711_handle) refers to main.o(.bss) for loadcell1
    hx711.o(i.hx711_init) refers to hx711.o(i.hx711_lock) for hx711_lock
    hx711.o(i.hx711_init) refers to stm32f1xx_hal_gpio.o(i.HAL_GPIO_Init) for HAL_GPIO_Init
    hx711.o(i.hx711_init) refers to stm32f1xx_hal_gpio.o(i.HAL_GPIO_WritePin) for HAL_GPIO_WritePin
    hx711.o(i.hx711_init) refers to stm32f1xx_hal.o(i.HAL_Delay) for HAL_Delay
    hx711.o(i.hx711_init) refers to hx711.o(i.hx711_value) for hx711_value
    hx711.o(i.hx711_lock) refers to hx711.o(i.hx711_delay_us) for hx711_delay_us
    hx711.o(i.hx711_power_down) refers to stm32f1xx_hal_gpio.o(i.HAL_GPIO_WritePin) for HAL_GPIO_WritePin
    hx711.o(i.hx711_power_down) refers to stm32f1xx_hal.o(i.HAL_Delay) for HAL_Delay
    hx711.o(i.hx711_power_up) refers to stm32f1xx_hal_gpio.o(i.HAL_GPIO_WritePin) for HAL_GPIO_WritePin
    hx711.o(i.hx711_tare) refers to hx711.o(i.hx711_lock) for hx711_lock
    hx711.o(i.hx711_tare) refers to hx711.o(i.hx711_value) for hx711_value
    hx711.o(i.hx711_tare) refers to llsdiv.o(.text) for __aeabi_ldivmod
    hx711.o(i.hx711_value) refers to stm32f1xx_hal.o(i.HAL_GetTick) for HAL_GetTick
    hx711.o(i.hx711_value) refers to stm32f1xx_hal_gpio.o(i.HAL_GPIO_ReadPin) for HAL_GPIO_ReadPin
    hx711.o(i.hx711_value) refers to stm32f1xx_hal_gpio.o(i.HAL_GPIO_WritePin) for HAL_GPIO_WritePin
    hx711.o(i.hx711_value) refers to hx711.o(i.hx711_delay_us) for hx711_delay_us
    hx711.o(i.hx711_value_ave) refers to hx711.o(i.hx711_lock) for hx711_lock
    hx711.o(i.hx711_value_ave) refers to hx711.o(i.hx711_value) for hx711_value
    hx711.o(i.hx711_value_ave) refers to stm32f1xx_hal.o(i.HAL_Delay) for HAL_Delay
    hx711.o(i.hx711_value_ave) refers to llsdiv.o(.text) for __aeabi_ldivmod
    hx711.o(i.hx711_weight) refers to hx711.o(i.hx711_lock) for hx711_lock
    hx711.o(i.hx711_weight) refers to hx711.o(i.hx711_value) for hx711_value
    hx711.o(i.hx711_weight) refers to llsdiv.o(.text) for __aeabi_ldivmod
    hx711.o(i.hx711_weight) refers to fflt_clz.o(x$fpl$fflt) for __aeabi_i2f
    hx711.o(i.hx711_weight) refers to fdiv.o(x$fpl$fdiv) for __aeabi_fdiv
    main.o(i.SystemClock_Config) refers to rt_memclr_w.o(.text) for __aeabi_memclr4
[...]
    i.HAL_TIM_ConfigClockSource              0x080029f2   Section        0  stm32f1xx_hal_tim.o(i.HAL_TIM_ConfigClockSource)
    i.HAL_TIM_MspPostInit                    0x08002ac8   Section        0  tim.o(i.HAL_TIM_MspPostInit)
    i.HAL_TIM_PWM_ConfigChannel              0x08002b30   Section        0  stm32f1xx_hal_tim.o(i.HAL_TIM_PWM_ConfigChannel)
    i.HAL_TIM_PWM_Init                       0x08002bf6   Section        0  stm32f1xx_hal_tim.o(i.HAL_TIM_PWM_Init)
    i.HAL_TIM_PWM_MspInit                    0x08002c50   Section        0  stm32f1xx_hal_tim.o(i.HAL_TIM_PWM_MspInit)
    i.HAL_TIM_PWM_Start                      0x08002c54   Section        0  stm32f1xx_hal_tim.o(i.HAL_TIM_PWM_Start)
    i.HardFault_Handler                      0x08002cf0   Section        0  stm32f1xx_it.o(i.HardFault_Handler)
    i.I2C_IsAcknowledgeFailed                0x08002cf2   Section        0  stm32f1xx_hal_i2c.o(i.I2C_IsAcknowledgeFailed)
    I2C_IsAcknowledgeFailed                  0x08002cf3   Thumb Code    46  stm32f1xx_hal_i2c.o(i.I2C_IsAcknowledgeFailed)
    i.I2C_MasterRequestWrite                 0x08002d20   Section        0  stm32f1xx_hal_i2c.o(i.I2C_MasterRequestWrite)
    I2C_MasterRequestWrite                   0x08002d21   Thumb Code   150  stm32f1xx_hal_i2c.o(i.I2C_MasterRequestWrite)
    i.I2C_WaitOnBTFFlagUntilTimeout          0x08002dbc   Section        0  stm32f1xx_hal_i2c.o(i.I2C_WaitOnBTFFlagUntilTimeout)
    I2C_WaitOnBTFFlagUntilTimeout            0x08002dbd   Thumb Code    76  stm32f1xx_hal_i2c.o(i.I2C_WaitOnBTFFlagUntilTimeout)
    i.I2C_WaitOnFlagUntilTimeout             0x08002e08   Section        0  stm32f1xx_hal_i2c.o(i.I2C_WaitOnFlagUntilTimeout)
    I2C_WaitOnFlagUntilTimeout               0x08002e09   Thumb Code   104  stm32f1xx_hal_i2c.o(i.I2C_WaitOnFlagUntilTimeout)
    i.I2C_WaitOnMasterAddressFlagUntilTimeout 0x08002e70   Section        0  stm32f1xx_hal_i2c.o(i.I2C_WaitOnMasterAddressFlagUntilTimeout)
    I2C_WaitOnMasterAddressFlagUntilTimeout  0x08002e71   Thumb Code   150  stm32f1xx_hal_i2c.o(i.I2C_WaitOnMasterAddressFlagUntilTimeout)
    i.I2C_WaitOnTXEFlagUntilTimeout          0x08002f06   Section        0  stm32f1xx_hal_i2c.o(i.I2C_WaitOnTXEFlagUntilTimeout)
    I2C_WaitOnTXEFlagUntilTimeout            0x08002f07   Thumb Code    76  stm32f1xx_hal_i2c.o(i.I2C_WaitOnTXEFlagUntilTimeout)
    i.MX_GPIO_Init                           0x08002f54   Section        0  gpio.o(i.MX_GPIO_Init)
    i.MX_I2C2_Init                           0x08003040   Section        0  i2c.o(i.MX_I2C2_Init)
    i.MX_TIM1_Init                           0x08003080   Section        0  tim.o(i.MX_TIM1_Init)
    i.MX_TIM2_Init                           0x08003178   Section        0  tim.o(i.MX_TIM2_Init)
    i.MX_TIM4_Init                           0x08003210   Section        0  tim.o(i.MX_TIM4_Init)
    i.MemManage_Handler                      0x08003278   Section        0  stm32f1xx_it.o(i.MemManage_Handler)
    i.NMI_Handler                            0x0800327a   Section        0  stm32f1xx_it.o(i.NMI_Handler)
    i.PendSV_Handler                         0x0800327c   Section        0  stm32f1xx_it.o(i.PendSV_Handler)
    i.SVC_Handler                            0x0800327e   Section        0  stm32f1xx_it.o(i.SVC_Handler)
    i.SysTick_Handler                        0x08003280   Section        0  stm32f1xx_it.o(i.SysTick_Handler)
    i.SystemClock_Config                     0x080032c0   Section        0  main.o(i.SystemClock_Config)
    i.SystemInit                             0x0800331e   Section        0  system_stm32f1xx.o(i.SystemInit)
    i.TIM_Base_SetConfig                     0x08003320   Section        0  stm32f1xx_hal_tim.o(i.TIM_Base_SetConfig)
    i.TIM_CCxChannelCmd                      0x0800338c   Section        0  stm32f1xx_hal_tim.o(i.TIM_CCxChannelCmd)
    i.TIM_ETR_SetConfig                      0x080033a6   Section        0  stm32f1xx_hal_tim.o(i.TIM_ETR_SetConfig)
    i.TIM_ITRx_SetConfig                     0x080033ba   Section        0  stm32f1xx_hal_tim.o(i.TIM_ITRx_SetConfig)
    TIM_ITRx_SetConfig                       0x080033bb   Thumb Code    16  stm32f1xx_hal_tim.o(i.TIM_ITRx_SetConfig)
    i.TIM_OC1_SetConfig                      0x080033cc   Section        0  stm32f1xx_hal_tim.o(i.TIM_OC1_SetConfig)
    TIM_OC1_SetConfig                        0x080033cd   Thumb Code    74  stm32f1xx_hal_tim.o(i.TIM_OC1_SetConfig)
    i.TIM_OC2_SetConfig                      0x0800341c   Section        0  stm32f1xx_hal_tim.o(i.TIM_OC2_SetConfig)
    i.TIM_OC3_SetConfig                      0x08003474   Section        0  stm32f1xx_hal_tim.o(i.TIM_OC3_SetConfig)
    TIM_OC3_SetConfig                        0x08003475   Thumb Code    82  stm32f1xx_hal_tim.o(i.TIM_OC3_SetConfig)
    i.TIM_OC4_SetConfig                      0x080034cc   Section        0  stm32f1xx_hal_tim.o(i.TIM_OC4_SetConfig)
    TIM_OC4_SetConfig                        0x080034cd   Thumb Code    64  stm32f1xx_hal_tim.o(i.TIM_OC4_SetConfig)
    i.TIM_TI1_ConfigInputStage               0x08003510   Section        0  stm32f1xx_hal_tim.o(i.TIM_TI1_ConfigInputStage)
    TIM_TI1_ConfigInputStage                 0x08003511   Thumb Code    34  stm32f1xx_hal_tim.o(i.TIM_TI1_ConfigInputStage)
    i.TIM_TI2_ConfigInputStage               0x08003532   Section        0  stm32f1xx_hal_tim.o(i.TIM_TI2_ConfigInputStage)
    TIM_TI2_ConfigInputStage                 0x08003533   Thumb Code    36  stm32f1xx_hal_tim.o(i.TIM_TI2_ConfigInputStage)
    i.UsageFault_Handler                     0x08003556   Section        0  stm32f1xx_it.o(i.UsageFault_Handler)
    i.__ARM_fpclassify                       0x08003558   Section        0  fpclassify.o(i.__ARM_fpclassify)
    i.__NVIC_SetPriority                     0x08003580   Section        0  stm32f1xx_hal_cortex.o(i.__NVIC_SetPriority)
    __NVIC_SetPriority                       0x08003581   Thumb Code    32  stm32f1xx_hal_cortex.o(i.__NVIC_SetPriority)
    i._is_digit                              0x080035a0   Section        0  __printf_wp.o(i._is_digit)
    i.btn_press_short_callback               0x080035ae   Section        0  button.o(i.btn_press_short_callback)
    i.btn_press_timeout_callback             0x080035b0   Section        0  main.o(i.btn_press_timeout_callback)
    i.btn_pressing_callback                  0x080035dc   Section        0  main.o(i.btn_pressing_callback)
    i.btn_release_callback                   0x080039e0   Section        0  button.o(i.btn_release_callback)
    i.button_handle                          0x080039e2   Section        0  button.o(i.button_handle)
    i.button_init                            0x08003a72   Section        0  button.o(i.button_init)
    i.conveyor_start                         0x08003a78   Section        0  main.o(i.conveyor_start)
    conveyor_start                           0x08003a79   Thumb Code    24  main.o(i.conveyor_start)
    i.conveyor_stop                          0x08003a94   Section        0  main.o(i.conveyor_stop)
    conveyor_stop                            0x08003a95   Thumb Code    20  main.o(i.conveyor_stop)
    i.hx711_callback                         0x08003aac   Section        0  main.o(i.hx711_callback)
    i.hx711_coef_set                         0x08003e88   Section        0  hx711.o(i.hx711_coef_set)
    i.hx711_delay_us                         0x08003e8c   Section        0  hx711.o(i.hx711_delay_us)
    i.hx711_handle                           0x08003eb4   Section        0  hx711.o(i.hx711_handle)
    i.hx711_init                             0x08003f04   Section        0  hx711.o(i.hx711_init)
    i.hx711_lock                             0x08003f84   Section        0  hx711.o(i.hx711_lock)
    i.hx711_tare                             0x08003f9c   Section        0  hx711.o(i.hx711_tare)
    i.hx711_value                            0x08003fe0   Section        0  hx711.o(i.hx711_value)
    i.hx711_weight                           0x0800406c   Section        0  hx711.o(i.hx711_weight)
    i.lcd_clear_display                      0x080040c0   Section        0  liquidcrystal_i2c.o(i.lcd_clear_display)
    i.lcd_init                               0x080040d2   Section        0  liquidcrystal_i2c.o(i.lcd_init)
    i.lcd_printf                             0x08004138   Section        0  liquidcrystal_i2c.o(i.lcd_printf)
    i.lcd_send_cmd                           0x08004172   Section        0  liquidcrystal_i2c.o(i.lcd_send_cmd)
    lcd_send_cmd                             0x08004173   Thumb Code    64  liquidcrystal_i2c.o(i.lcd_send_cmd)
    i.lcd_send_data                          0x080041b2   Section        0  liquidcrystal_i2c.o(i.lcd_send_data)
    lcd_send_data                            0x080041b3   Thumb Code    72  liquidcrystal_i2c.o(i.lcd_send_data)
    i.lcd_set_cursor                         0x080041fc   Section        0  liquidcrystal_i2c.o(i.lcd_set_cursor)
    i.lcd_set_cursor_blink_off               0x0800421c   Section        0  liquidcrystal_i2c.o(i.lcd_set_cursor_blink_off)
    i.main                                   0x0800422c   Section        0  main.o(i.main)
    i.servo_close                            0x080045a8   Section        0  servo.o(i.servo_close)
    i.servo_init                             0x080045ae   Section        0  servo.o(i.servo_init)
    i.servo_open                             0x080045c6   Section        0  servo.o(i.servo_open)
    i.servo_set_angle                        0x080045cc   Section        0  servo.o(i.servo_set_angle)
    locale$$code                             0x08004610   Section       44  lc_numeric_c.o(locale$$code)
    locale$$code                             0x0800463c   Section       44  lc_ctype_c.o(locale$$code)
    x$fpl$dretinf                            0x08004668   Section       12  dretinf.o(x$fpl$dretinf)
    x$fpl$f2d                                0x08004674   Section       86  f2d.o(x$fpl$f2d)
    x$fpl$fadd                               0x080046cc   Section      196  faddsub_clz.o(x$fpl$fadd)
    _fadd1                                   0x080046db   Thumb Code     0  faddsub_clz.o(x$fpl$fadd)
    x$fpl$fdiv                               0x08004790   Section      388  fdiv.o(x$fpl$fdiv)
    _fdiv1                                   0x08004791   Thumb Code     0  fdiv.o(x$fpl$fdiv)
    x$fpl$ffixu                              0x08004914   Section       62  ffixu.o(x$fpl$ffixu)
    x$fpl$fflt                               0x08004954   Section       48  fflt_clz.o(x$fpl$fflt)
    x$fpl$ffltu                              0x08004984   Section       38  fflt_clz.o(x$fpl$ffltu)
    x$fpl$fnaninf                            0x080049aa   Section      140  fnaninf.o(x$fpl$fnaninf)
    x$fpl$fretinf                            0x08004a36   Section       10  fretinf.o(x$fpl$fretinf)
    x$fpl$fsub                               0x08004a40   Section      234  faddsub_clz.o(x$fpl$fsub)
    _fsub1                                   0x08004a4f   Thumb Code     0  faddsub_clz.o(x$fpl$fsub)
    x$fpl$printf1                            0x08004b2a   Section        4  printf1.o(x$fpl$printf1)
    x$fpl$printf2                            0x08004b2e   Section        4  printf2.o(x$fpl$printf2)
    .constdata                               0x08004b32   Section       16  system_stm32f1xx.o(.constdata)
    x$fpl$usenofp                            0x08004b32   Section        0  usenofp.o(x$fpl$usenofp)
    .constdata                               0x08004b42   Section        8  system_stm32f1xx.o(.constdata)
    .constdata                               0x08004b4c   Section        8  _printf_wctomb.o(.constdata)
    initial_mbstate                          0x08004b4c   Data           8  _printf_wctomb.o(.constdata)
    .constdata                               0x08004b54   Section       40  _printf_hex_int_ll_ptr.o(.constdata)
    uc_hextab                                0x08004b54   Data          20  _printf_hex_int_ll_ptr.o(.constdata)
    lc_hextab                                0x08004b68   Data          20  _printf_hex_int_ll_ptr.o(.constdata)
    .constdata                               0x08004b7c   Section       17  __printf_flags_ss_wp.o(.constdata)
    maptable                                 0x08004b7c   Data          17  __printf_flags_ss_wp.o(.constdata)
    .constdata                               0x08004b8d   Section       38  _printf_fp_hex.o(.constdata)
    lc_hextab                                0x08004b8d   Data          19  _printf_fp_hex.o(.constdata)
    uc_hextab                                0x08004ba0   Data          19  _printf_fp_hex.o(.constdata)
    .constdata                               0x08004bb4   Section      148  bigflt0.o(.constdata)
    tenpwrs_x                                0x08004bb4   Data          60  bigflt0.o(.constdata)
    tenpwrs_i                                0x08004bf0   Data          64  bigflt0.o(.constdata)
    locale$$data                             0x08004c68   Section       28  lc_numeric_c.o(locale$$data)
    __lcnum_c_name                           0x08004c6c   Data           2  lc_numeric_c.o(locale$$data)
    __lcnum_c_start                          0x08004c74   Data           0  lc_numeric_c.o(locale$$data)
    __lcnum_c_point                          0x08004c80   Data           0  lc_numeric_c.o(locale$$data)
    __lcnum_c_thousands                      0x08004c82   Data           0  lc_numeric_c.o(locale$$data)
    __lcnum_c_grouping                       0x08004c83   Data           0  lc_numeric_c.o(locale$$data)
    locale$$data                             0x08004c84   Section      272  lc_ctype_c.o(locale$$data)
    __lcnum_c_end                            0x08004c84   Data           0  lc_numeric_c.o(locale$$data)
    __lcctype_c_name                         0x08004c88   Data           2  lc_ctype_c.o(locale$$data)
    __lcctype_c_start                        0x08004c90   Data           0  lc_ctype_c.o(locale$$data)
    __lcctype_c_end                          0x08004d94   Data           0  lc_ctype_c.o(locale$$data)
    .data                                    0x20000000   Section       44  main.o(.data)
    ui8_cat75Count                           0x20000000   Data           1  main.o(.data)
    ui8_xiMang75Count                        0x20000001   Data           1  main.o(.data)
    ui8_nuoc75Count                          0x20000002   Data           1  main.o(.data)
    ui8_cat200Count                          0x20000003   Data           1  main.o(.data)
    ui8_xiMang200Count                       0x20000004   Data           1  main.o(.data)
    ui8_nuoc200Count                         0x20000005   Data           1  main.o(.data)
    ui8_da200Count                           0x20000006   Data           1  main.o(.data)
    sys_state                                0x20000007   Data           1  main.o(.data)
    op_state                                 0x20000008   Data           1  main.o(.data)
    servo1                                   0x2000000c   Data           8  main.o(.data)
    servo2                                   0x20000014   Data           8  main.o(.data)
    servo3                                   0x2000001c   Data           8  main.o(.data)
    servo4                                   0x20000024   Data           8  main.o(.data)
    .data                                    0x2000002c   Section        4  stm32f1xx_it.o(.data)
    ui8_btn_start_curr                       0x2000002d   Data           1  stm32f1xx_it.o(.data)
    ui8_btn_start_pre                        0x2000002e   Data           1  stm32f1xx_it.o(.data)
    ui8_count                                0x2000002f   Data           1  stm32f1xx_it.o(.data)
    .data                                    0x20000030   Section       12  stm32f1xx_hal.o(.data)
    .data                                    0x2000003c   Section        4  system_stm32f1xx.o(.data)
    .bss                                     0x20000040   Section      348  main.o(.bss)
    lcd                                      0x20000040   Data          12  main.o(.bss)
    cb1                                      0x200000dc   Data          24  main.o(.bss)
    cb2                                      0x200000f4   Data          24  main.o(.bss)
    cb3                                      0x2000010c   Data          24  main.o(.bss)
    cb4                                      0x20000124   Data          24  main.o(.bss)
    btn_start                                0x2000013c   Data          24  main.o(.bss)
    btn_stop                                 0x20000154   Data          24  main.o(.bss)
    btn_mac75                                0x2000016c   Data          24  main.o(.bss)
    btn_mac200                               0x20000184   Data          24  main.o(.bss)
    .bss                                     0x2000019c   Section       84  i2c.o(.bss)
    .bss                                     0x200001f0   Section      216  tim.o(.bss)
    .bss                                     0x200002c8   Section       96  libspace.o(.bss)
    HEAP                                     0x20000328   Section      512  startup_stm32f103xb.o(HEAP)
    Heap_Mem                                 0x20000328   Data         512  startup_stm32f103xb.o(HEAP)
    STACK                                    0x20000528   Section     1024  startup_stm32f103xb.o(STACK)
    Stack_Mem                                0x20000528   Data        1024  startup_stm32f103xb.o(STACK)
    __initial_sp                             0x20000928   Data           0  startup_stm32f103xb.o(STACK)

    Global Symbols

    Symbol Name                              Value     Ov Type        Size  Object(Section)

    BuildAttributes$$THM_ISAv4$P$D$K$B$S$PE$A:L22UL41UL21$X:L11$S22US41US21$IEEE1$IW$USESV6$~STKCKD$USESV7$~SHL$OTIME$ROPI$IEEEJ$EBA8$UX$STANDARDLIB$REQ8$PRES8$EABIv2 0x00000000   Number         0  anon$$obj.o ABSOLUTE
    __ARM_use_no_argv                        0x00000000   Number         0  main.o ABSOLUTE
    _printf_flags                            0x00000000   Number         0  printf_stubs.o ABSOLUTE
    _printf_return_value                     0x00000000   Number         0  printf_stubs.o ABSOLUTE
    _printf_sizespec                         0x00000000   Number         0  printf_stubs.o ABSOLUTE
    _printf_widthprec                        0x00000000   Number         0  printf_stubs.o ABSOLUTE
    __ARM_exceptions_init                     - Undefined Weak Reference
    __alloca_initialize                       - Undefined Weak Reference
    __arm_fini_                               - Undefined Weak Reference
    __arm_preinit_                            - Undefined Weak Reference
    __cpp_initialize__aeabi_                  - Undefined Weak Reference
    __cxa_finalize                            - Undefined Weak Reference
    __sigvec_lookup                           - Undefined Weak Reference
    _atexit_init                              - Undefined Weak Reference
    _call_atexit_fns                          - Undefined Weak Reference
    _clock_init                               - Undefined Weak Reference
    _fp_trap_init                             - Undefined Weak Reference
    _fp_trap_shutdown                         - Undefined Weak Reference
    _get_lc_collate                           - Undefined Weak Reference
    _get_lc_monetary                          - Undefined Weak Reference
    _get_lc_time                              - Undefined Weak Reference
    _getenv_init                              - Undefined Weak Reference
    _handle_redirection                       - Undefined Weak Reference
    _init_alloc                               - Undefined Weak Reference
    _init_user_alloc                          - Undefined Weak Reference
    _initio                                   - Undefined Weak Reference
    _printf_mbtowc                            - Undefined Weak Reference
    _printf_wc                                - Undefined Weak Reference
    _rand_init                                - Undefined Weak Reference
    _signal_finish                            - Undefined Weak Reference
    _signal_init                              - Undefined Weak Reference
    _terminate_alloc                          - Undefined Weak Reference
    _terminate_user_alloc                     - Undefined Weak Reference
    _terminateio                              - Undefined Weak Reference
    __Vectors_Size                           0x000000ec   Number         0  startup_stm32f103xb.o ABSOLUTE
    __Vectors                                0x08000000   Data           4  startup_stm32f103xb.o(RESET)
    __Vectors_End                            0x080000ec   Data           0  startup_stm32f103xb.o(RESET)
    __main                                   0x080000ed   Thumb Code     8  __main.o(!!!main)
    __scatterload                            0x080000f5   Thumb Code     0  __scatter.o(!!!scatter)
    __scatterload_rt2                        0x080000f5   Thumb Code    44  __scatter.o(!!!scatter)
    __scatterload_rt2_thumb_only             0x080000f5   Thumb Code     0  __scatter.o(!!!scatter)
    __scatterload_null                       0x08000103   Thumb Code     0  __scatter.o(!!!scatter)
    __scatterload_copy                       0x08000129   Thumb Code    26  __scatter_copy.o(!!handler_copy)
    __scatterload_zeroinit                   0x08000145   Thumb Code    28  __scatter_zi.o(!!handler_zi)
    _printf_n                                0x08000161   Thumb Code     0  _printf_n.o(.ARM.Collect$$_printf_percent$$00000001)
    _printf_percent                          0x08000161   Thumb Code     0  _printf_percent.o(.ARM.Collect$$_printf_percent$$00000000)
    _printf_p                                0x08000167   Thumb Code     0  _printf_p.o(.ARM.Collect$$_printf_percent$$00000002)
    _printf_f                                0x0800016d   Thumb Code     0  _printf_f.o(.ARM.Collect$$_printf_percent$$00000003)
    _printf_e                                0x08000173   Thumb Code     0  _printf_e.o(.ARM.Collect$$_printf_percent$$00000004)
    _printf_g                                0x08000179   Thumb Code     0  _printf_g.o(.ARM.Collect$$_printf_percent$$00000005)
    _printf_a                                0x0800017f   Thumb Code     0  _printf_a.o(.ARM.Collect$$_printf_percent$$00000006)
    _printf_ll                               0x08000185   Thumb Code     0  _printf_ll.o(.ARM.Collect$$_printf_percent$$00000007)
    _printf_i                                0x0800018f   Thumb Code     0  _printf_i.o(.ARM.Collect$$_printf_percent$$00000008)
    _printf_d                                0x08000195   Thumb Code     0  _printf_d.o(.ARM.Collect$$_printf_percent$$00000009)
    _printf_u                                0x0800019b   Thumb Code     0  _printf_u.o(.ARM.Collect$$_printf_percent$$0000000A)
    _printf_o                                0x080001a1   Thumb Code     0  _printf_o.o(.ARM.Collect$$_printf_percent$$0000000B)
    _printf_x                                0x080001a7   Thumb Code     0  _printf_x.o(.ARM.Collect$$_printf_percent$$0000000C)
    _printf_lli                              0x080001ad   Thumb Code     0  _printf_lli.o(.ARM.Collect$$_printf_percent$$0000000D)
    _printf_lld                              0x080001b3   Thumb Code     0  _printf_lld.o(.ARM.Collect$$_printf_percent$$0000000E)
    _printf_llu                              0x080001b9   Thumb Code     0  _printf_llu.o(.ARM.Collect$$_printf_percent$$0000000F)
    _printf_llo                              0x080001bf   Thumb Code     0  _printf_llo.o(.ARM.Collect$$_printf_percent$$00000010)
    _printf_llx                              0x080001c5   Thumb Code     0  _printf_llx.o(.ARM.Collect$$_printf_percent$$00000011)
    _printf_l                                0x080001cb   Thumb Code     0  _printf_l.o(.ARM.Collect$$_printf_percent$$00000012)
    _printf_c                                0x080001d5   Thumb Code     0  _printf_c.o(.ARM.Collect$$_printf_percent$$00000013)
    _printf_s                                0x080001db   Thumb Code     0  _printf_s.o(.ARM.Collect$$_printf_percent$$00000014)
    _printf_lc                               0x080001e1   Thumb Code     0  _printf_lc.o(.ARM.Collect$$_printf_percent$$00000015)
    _printf_ls                               0x080001e7   Thumb Code     0  _printf_ls.o(.ARM.Collect$$_printf_percent$$00000016)
    _printf_percent_end                      0x080001ed   Thumb Code     0  _printf_percent_end.o(.ARM.Collect$$_printf_percent$$00000017)
    __rt_lib_init                            0x080001f1   Thumb Code     0  libinit.o(.ARM.Collect$$libinit$$00000000)
    __rt_lib_init_fp_1                       0x080001f3   Thumb Code     0  libinit2.o(.ARM.Collect$$libinit$$00000002)
    __rt_lib_init_heap_1                     0x080001f3   Thumb Code     0  libinit2.o(.ARM.Collect$$libinit$$0000000A)
    __rt_lib_init_lc_common                  0x080001f3   Thumb Code     0  libinit2.o(.ARM.Collect$$libinit$$0000000F)
    __rt_lib_init_preinit_1                  0x080001f3   Thumb Code     0  libinit2.o(.ARM.Collect$$libinit$$00000004)
    __rt_lib_init_rand_1                     0x080001f3   Thumb Code     0  libinit2.o(.ARM.Collect$$libinit$$0000000E)
    __rt_lib_init_user_alloc_1               0x080001f3   Thumb Code     0  libinit2.o(.ARM.Collect$$libinit$$0000000C)
    __rt_lib_init_lc_collate_1               0x080001f9   Thumb Code     0  libinit2.o(.ARM.Collect$$libinit$$00000011)
    __rt_lib_init_lc_ctype_2                 0x080001f9   Thumb Code     0  libinit2.o(.ARM.Collect$$libinit$$00000012)
    __rt_lib_init_lc_ctype_1                 0x08000205   Thumb Code     0  libinit2.o(.ARM.Collect$$libinit$$00000013)
    __rt_lib_init_lc_monetary_1              0x08000205   Thumb Code     0  libinit2.o(.ARM.Collect$$libinit$$00000015)
    __rt_lib_init_lc_numeric_2               0x08000205   Thumb Code     0  libinit2.o(.ARM.Collect$$libinit$$00000016)
    __rt_lib_init_alloca_1                   0x0800020f   Thumb Code     0  libinit2.o(.ARM.Collect$$libinit$$0000002E)
    __rt_lib_init_argv_1                     0x0800020f   Thumb Code     0  libinit2.o(.ARM.Collect$$libinit$$0000002C)
    __rt_lib_init_atexit_1                   0x0800020f   Thumb Code     0  libinit2.o(.ARM.Collect$$libinit$$0000001B)
    __rt_lib_init_clock_1                    0x0800020f   Thumb Code     0  libinit2.o(.ARM.Collect$$libinit$$00000021)
    __rt_lib_init_cpp_1                      0x0800020f   Thumb Code     0  libinit2.o(.ARM.Collect$$libinit$$00000032)
    __rt_lib_init_exceptions_1               0x0800020f   Thumb Code     0  libinit2.o(.ARM.Collect$$libinit$$00000030)
    __rt_lib_init_fp_trap_1                  0x0800020f   Thumb Code     0  libinit2.o(.ARM.Collect$$libinit$$0000001F)
    __rt_lib_init_getenv_1                   0x0800020f   Thumb Code     0  libinit2.o(.ARM.Collect$$libinit$$00000023)
    __rt_lib_init_lc_numeric_1               0x0800020f   Thumb Code     0  libinit2.o(.ARM.Collect$$libinit$$00000017)
    __rt_lib_init_lc_time_1                  0x0800020f   Thumb Code     0  libinit2.o(.ARM.Collect$$libinit$$00000019)
    __rt_lib_init_return                     0x0800020f   Thumb Code     0  libinit2.o(.ARM.Collect$$libinit$$00000033)
    __rt_lib_init_signal_1                   0x0800020f   Thumb Code     0  libinit2.o(.ARM.Collect$$libinit$$0000001D)
    __rt_lib_init_stdio_1                    0x0800020f   Thumb Code     0  libinit2.o(.ARM.Collect$$libinit$$00000025)
    __rt_lib_shutdown                        0x08000211   Thumb Code     0  libshutdown.o(.ARM.Collect$$libshutdown$$00000000)
    __rt_lib_shutdown_cpp_1                  0x08000213   Thumb Code     0  libshutdown2.o(.ARM.Collect$$libshutdown$$00000004)
    __rt_lib_shutdown_fini_1                 0x08000213   Thumb Code     0  libshutdown2.o(.ARM.Collect$$libshutdown$$00000002)
    __rt_lib_shutdown_fp_trap_1              0x08000213   Thumb Code     0  libshutdown2.o(.ARM.Collect$$libshutdown$$00000009)
    __rt_lib_shutdown_heap_1                 0x08000213   Thumb Code     0  libshutdown2.o(.ARM.Collect$$libshutdown$$00000011)
    __rt_lib_shutdown_return                 0x08000213   Thumb Code     0  libshutdown2.o(.ARM.Collect$$libshutdown$$00000012)
    __rt_lib_shutdown_signal_1               0x08000213   Thumb Code     0  libshutdown2.o(.ARM.Collect$$libshutdown$$0000000C)
    __rt_lib_shutdown_stdio_1                0x08000213   Thumb Code     0  libshutdown2.o(.ARM.Collect$$libshutdown$$00000006)
    __rt_lib_shutdown_user_alloc_1           0x08000213   Thumb Code     0  libshutdown2.o(.ARM.Collect$$libshutdown$$0000000E)
    __rt_entry                               0x08000215   Thumb Code     0  __rtentry.o(.ARM.Collect$$rtentry$$00000000)
    __rt_entry_presh_1                       0x08000215   Thumb Code     0  __rtentry2.o(.ARM.Collect$$rtentry$$00000002)
    __rt_entry_sh                            0x08000215   Thumb Code     0  __rtentry4.o(.ARM.Collect$$rtentry$$00000004)
    __rt_entry_li                            0x0800021b   Thumb Code     0  __rtentry2.o(.ARM.Collect$$rtentry$$0000000A)
    __rt_entry_postsh_1                      0x0800021b   Thumb Code     0  __rtentry2.o(.ARM.Collect$$rtentry$$00000009)
    __rt_entry_main                          0x0800021f   Thumb Code     0  __rtentry2.o(.ARM.Collect$$rtentry$$0000000D)
    __rt_entry_postli_1                      0x0800021f   Thumb Code     0  __rtentry2.o(.ARM.Collect$$rtentry$$0000000C)
    __rt_exit                                0x08000227   Thumb Code     0  rtexit.o(.ARM.Collect$$rtexit$$00000000)
    __rt_exit_ls                             0x08000229   Thumb Code     0  rtexit2.o(.ARM.Collect$$rtexit$$00000003)
    __rt_exit_prels_1                        0x08000229   Thumb Code     0  rtexit2.o(.ARM.Collect$$rtexit$$00000002)
    __rt_exit_exit                           0x0800022d   Thumb Code     0  rtexit2.o(.ARM.Collect$$rtexit$$00000004)
    Reset_Handler                            0x08000235   Thumb Code     8  startup_stm32f103xb.o(.text)
    ADC1_2_IRQHandler                        0x0800024f   Thumb Code     0  startup_stm32f103xb.o(.text)
    CAN1_RX1_IRQHandler                      0x0800024f   Thumb Code     0  startup_stm32f103xb.o(.text)
    CAN1_SCE_IRQHandler                      0x0800024f   Thumb Code     0  startup_stm32f103xb.o(.text)
    DMA1_Channel1_IRQHandler                 0x0800024f   Thumb Code     0  startup_stm32f103xb.o(.text)
    DMA1_Channel2_IRQHandler                 0x0800024f   Thumb Code     0  startup_stm32f103xb.o(.text)
    DMA1_Channel3_IRQHandler                 0x0800024f   Thumb Code     0  startup_stm32f103xb.o(.text)
    DMA1_Channel4_IRQHandler                 0x0800024f   Thumb Code     0  startup_stm32f103xb.o(.text)
    DMA1_Channel5_IRQHandler                 0x0800024f   Thumb Code     0  startup_stm32f103xb.o(.text)
    DMA1_Channel6_IRQHandler                 0x0800024f   Thumb Code     0  startup_stm32f103xb.o(.text)
    DMA1_Channel7_IRQHandler                 0x0800024f   Thumb Code     0  startup_stm32f103xb.o(.text)
    EXTI0_IRQHandler                         0x0800024f   Thumb Code     0  startup_stm32f103xb.o(.text)
    EXTI15_10_IRQHandler                     0x0800024f   Thumb Code     0  startup_stm32f103xb.o(.text)
    EXTI1_IRQHandler                         0x0800024f   Thumb Code     0  startup_stm32f103xb.o(.text)
    EXTI2_IRQHandler                         0x0800024f   Thumb Code     0  startup_stm32f103xb.o(.text)
    EXTI3_IRQHandler                         0x0800024f   Thumb Code     0  startup_stm32f103xb.o(.text)
    EXTI4_IRQHandler                         0x0800024f   Thumb Code     0  startup_stm32f103xb.o(.text)
    EXTI9_5_IRQHandler                       0x0800024f   Thumb Code     0  startup_stm32f103xb.o(.text)
    FLASH_IRQHandler                         0x0800024f   Thumb Code     0  startup_stm32f103xb.o(.text)
    I2C1_ER_IRQHandler                       0x0800024f   Thumb Code     0  startup_stm32f103xb.o(.text)
    I2C1_EV_IRQHandler                       0x0800024f   Thumb Code     0  startup_stm32f103xb.o(.text)
    I2C2_ER_IRQHandler                       0x0800024f   Thumb Code     0  startup_stm32f103xb.o(.text)
    I2C2_EV_IRQHandler                       0x0800024f   Thumb Code     0  startup_stm32f103xb.o(.text)
    PVD_IRQHandler                           0x0800024f   Thumb Code     0  startup_stm32f103xb.o(.text)
    RCC_IRQHandler                           0x0800024f   Thumb Code     0  startup_stm32f103xb.o(.text)
    RTC_Alarm_IRQHandler                     0x0800024f   Thumb Code     0  startup_stm32f103xb.o(.text)
    RTC_IRQHandler                           0x0800024f   Thumb Code     0  startup_stm32f103xb.o(.text)
    SPI1_IRQHandler                          0x0800024f   Thumb Code     0  startup_stm32f103xb.o(.text)
    SPI2_IRQHandler                          0x0800024f   Thumb Code     0  startup_stm32f103xb.o(.text)
    TAMPER_IRQHandler                        0x0800024f   Thumb Code     0  startup_stm32f103xb.o(.text)
    TIM1_BRK_IRQHandler                      0x0800024f   Thumb Code     0  startup_stm32f103xb.o(.text)
    TIM1_CC_IRQHandler                       0x0800024f   Thumb Code     0  startup_stm32f103xb.o(.text)
    TIM1_TRG_COM_IRQHandler                  0x0800024f   Thumb Code     0  startup_stm32f103xb.o(.text)
    TIM1_UP_IRQHandler                       0x0800024f   Thumb Code     0  startup_stm32f103xb.o(.text)
    TIM2_IRQHandler                          0x0800024f   Thumb Code     0  startup_stm32f103xb.o(.text)
    TIM3_IRQHandler                          0x0800024f   Thumb Code     0  startup_stm32f103xb.o(.text)
    TIM4_IRQHandler                          0x0800024f   Thumb Code     0  startup_stm32f103xb.o(.text)
    USART1_IRQHandler                        0x0800024f   Thumb Code     0  startup_stm32f103xb.o(.text)
    USART2_IRQHandler                        0x0800024f   Thumb Code     0  startup_stm32f103xb.o(.text)
    USART3_IRQHandler                        0x0800024f   Thumb Code     0  startup_stm32f103xb.o(.text)
    USBWakeUp_IRQHandler                     0x0800024f   Thumb Code     0  startup_stm32f103xb.o(.text)
    USB_HP_CAN1_TX_IRQHandler                0x0800024f   Thumb Code     0  startup_stm32f103xb.o(.text)
    USB_LP_CAN1_RX0_IRQHandler               0x0800024f   Thumb Code     0  startup_stm32f103xb.o(.text)
    WWDG_IRQHandler                          0x0800024f   Thumb Code     0  startup_stm32f103xb.o(.text)
    __user_initial_stackheap                 0x08000251   Thumb Code     0  startup_stm32f103xb.o(.text)
    __aeabi_ldivmod                          0x08000275   Thumb Code     0  llsdiv.o(.text)
    _ll_sdiv                                 0x08000275   Thumb Code    72  llsdiv.o(.text)
    vsprintf                                 0x080002bd   Thumb Code    32  vsprintf.o(.text)
    strlen                                   0x080002e1   Thumb Code    62  strlen.o(.text)
    __aeabi_memclr4                          0x0800031f   Thumb Code     0  rt_memclr_w.o(.text)
    __aeabi_memclr8                          0x0800031f   Thumb Code     0  rt_memclr_w.o(.text)
    __rt_memclr_w                            0x0800031f   Thumb Code    78  rt_memclr_w.o(.text)
    _memset_w                                0x08000323   Thumb Code     0  rt_memclr_w.o(.text)
    __use_two_region_memory                  0x0800036d   Thumb Code     2  heapauxi.o(.text)
    __rt_heap_escrow$2region                 0x0800036f   Thumb Code     2  heapauxi.o(.text)
    __rt_heap_expand$2region                 0x08000371   Thumb Code     2  heapauxi.o(.text)
    __aeabi_uldivmod                         0x08000373   Thumb Code     0  lludivv7m.o(.text)
    _ll_udiv                                 0x08000373   Thumb Code   238  lludivv7m.o(.text)
    _printf_pre_padding                      0x08000461   Thumb Code    44  _printf_pad.o(.text)
    _printf_post_padding                     0x0800048d   Thumb Code    34  _printf_pad.o(.text)
    _printf_truncate_signed                  0x080004af   Thumb Code    18  _printf_truncate.o(.text)
    _printf_truncate_unsigned                0x080004c1   Thumb Code    18  _printf_truncate.o(.text)
    _printf_str                              0x080004d3   Thumb Code    82  _printf_str.o(.text)
    _printf_int_dec                          0x08000525   Thumb Code   104  _printf_dec.o(.text)
    _printf_charcount                        0x0800059d   Thumb Code    40  _printf_charcount.o(.text)
    _printf_char_common                      0x080005cf   Thumb Code    32  _printf_char_common.o(.text)
    _sputc                                   0x080005f5   Thumb Code    10  _sputc.o(.text)
    _printf_wctomb                           0x08000601   Thumb Code   182  _printf_wctomb.o(.text)
    _printf_longlong_dec                     0x080006bd   Thumb Code   108  _printf_longlong_dec.o(.text)
    _printf_longlong_oct                     0x08000739   Thumb Code    66  _printf_oct_int_ll.o(.text)
    _printf_int_oct                          0x0800077b   Thumb Code    24  _printf_oct_int_ll.o(.text)
    _printf_ll_oct                           0x08000793   Thumb Code    12  _printf_oct_int_ll.o(.text)
    _printf_longlong_hex                     0x080007a9   Thumb Code    86  _printf_hex_int_ll_ptr.o(.text)
    _printf_int_hex                          0x080007ff   Thumb Code    28  _printf_hex_int_ll_ptr.o(.text)
    _printf_ll_hex                           0x0800081b   Thumb Code    12  _printf_hex_int_ll_ptr.o(.text)
    _printf_hex_ptr                          0x08000827   Thumb Code    18  _printf_hex_int_ll_ptr.o(.text)
    __printf                                 0x0800083d   Thumb Code   388  __printf_flags_ss_wp.o(.text)
    _ll_udiv10                               0x080009c5   Thumb Code   138  lludiv10.o(.text)
    _printf_int_common                       0x08000a4f   Thumb Code   178  _printf_intcommon.o(.text)
    __lib_sel_fp_printf                      0x08000b01   Thumb Code     2  _printf_fp_dec.o(.text)
    _printf_fp_dec_real                      0x08000cb3   Thumb Code   620  _printf_fp_dec.o(.text)
    _printf_fp_hex_real                      0x08000f21   Thumb Code   756  _printf_fp_hex.o(.text)
    _printf_cs_common                        0x0800121d   Thumb Code    20  _printf_char.o(.text)
    _printf_char                             0x08001231   Thumb Code    16  _printf_char.o(.text)
    _printf_string                           0x08001241   Thumb Code     8  _printf_char.o(.text)
    _printf_lcs_common                       0x08001249   Thumb Code    20  _printf_wchar.o(.text)
    _printf_wchar                            0x0800125d   Thumb Code    16  _printf_wchar.o(.text)
    _printf_wstring                          0x0800126d   Thumb Code     8  _printf_wchar.o(.text)
    _wcrtomb                                 0x08001275   Thumb Code    64  _wcrtomb.o(.text)
    __user_setup_stackheap                   0x080012b5   Thumb Code    74  sys_stackheap_outer.o(.text)
    __rt_ctype_table                         0x08001301   Thumb Code    16  rt_ctype_table.o(.text)
    __rt_locale                              0x08001311   Thumb Code     8  rt_locale_intlibspace.o(.text)
    _printf_fp_infnan                        0x08001319   Thumb Code   112  _printf_fp_infnan.o(.text)
    _btod_etento                             0x08001399   Thumb Code   224  bigflt0.o(.text)
    exit                                     0x0800147d   Thumb Code    18  exit.o(.text)
    __user_libspace                          0x08001491   Thumb Code     8  libspace.o(.text)
    __user_perproc_libspace                  0x08001491   Thumb Code     0  libspace.o(.text)
    __user_perthread_libspace                0x08001491   Thumb Code     0  libspace.o(.text)
    strcmp                                   0x08001499   Thumb Code   128  strcmpv7m.o(.text)
    _sys_exit                                0x08001519   Thumb Code     8  sys_exit.o(.text)
    __I$use$semihosting                      0x08001525   Thumb Code     0  use_no_semi.o(.text)
    __use_no_semihosting_swi                 0x08001525   Thumb Code     2  use_no_semi.o(.text)
    __semihosting_library_function           0x08001527   Thumb Code     0  indicate_semi.o(.text)
    _btod_d2e                                0x08001527   Thumb Code    62  btod.o(CL$$btod_d2e)
    _d2e_denorm_low                          0x08001565   Thumb Code    70  btod.o(CL$$btod_d2e_denorm_low)
    _d2e_norm_op1                            0x080015ab   Thumb Code    96  btod.o(CL$$btod_d2e_norm_op1)
    __btod_div_common                        0x0800160b   Thumb Code   696  btod.o(CL$$btod_div_common)
    _e2e                                     0x08001943   Thumb Code   220  btod.o(CL$$btod_e2e)
    _btod_ediv                               0x08001a1f   Thumb Code    42  btod.o(CL$$btod_ediv)
    _btod_emul                               0x08001a49   Thumb Code    42  btod.o(CL$$btod_emul)
    __btod_mult_common                       0x08001a73   Thumb Code   580  btod.o(CL$$btod_mult_common)
    BusFault_Handler                         0x08001cb7   Thumb Code     2  stm32f1xx_it.o(i.BusFault_Handler)
    DebugMon_Handler                         0x08001cb9   Thumb Code     2  stm32f1xx_it.o(i.DebugMon_Handler)
    Error_Handler                            0x08001cbb   Thumb Code     4  main.o(i.Error_Handler)
    HAL_Delay                                0x08001cc1   Thumb Code    32  stm32f1xx_hal.o(i.HAL_Delay)
    HAL_GPIO_Init                            0x08001ce5   Thumb Code   446  stm32f1xx_hal_gpio.o(i.HAL_GPIO_Init)
    HAL_GPIO_ReadPin                         0x08001ec5   Thumb Code    10  stm32f1xx_hal_gpio.o(i.HAL_GPIO_ReadPin)
    HAL_GPIO_WritePin                        0x08001ecf   Thumb Code    10  stm32f1xx_hal_gpio.o(i.HAL_GPIO_WritePin)
    HAL_GetTick                              0x08001ed9   Thumb Code     6  stm32f1xx_hal.o(i.HAL_GetTick)
    HAL_I2C_Init                             0x08001ee5   Thumb Code   376  stm32f1xx_hal_i2c.o(i.HAL_I2C_Init)
    HAL_I2C_Master_Transmit                  0x0800206d   Thumb Code   290  stm32f1xx_hal_i2c.o(i.HAL_I2C_Master_Transmit)
    HAL_I2C_MspInit                          0x08002199   Thumb Code    82  i2c.o(i.HAL_I2C_MspInit)
    HAL_IncTick                              0x080021f9   Thumb Code    12  stm32f1xx_hal.o(i.HAL_IncTick)
    HAL_Init                                 0x08002209   Thumb Code    32  stm32f1xx_hal.o(i.HAL_Init)
    HAL_InitTick                             0x0800222d   Thumb Code    54  stm32f1xx_hal.o(i.HAL_InitTick)
    HAL_MspInit                              0x0800226d   Thumb Code    52  stm32f1xx_hal_msp.o(i.HAL_MspInit)
    HAL_NVIC_SetPriority                     0x080022a9   Thumb Code    60  stm32f1xx_hal_cortex.o(i.HAL_NVIC_SetPriority)
    HAL_NVIC_SetPriorityGrouping             0x080022e9   Thumb Code    26  stm32f1xx_hal_cortex.o(i.HAL_NVIC_SetPriorityGrouping)
    HAL_RCC_ClockConfig                      0x0800230d   Thumb Code   280  stm32f1xx_hal_rcc.o(i.HAL_RCC_ClockConfig)
    HAL_RCC_GetPCLK1Freq                     0x08002439   Thumb Code    20  stm32f1xx_hal_rcc.o(i.HAL_RCC_GetPCLK1Freq)
    HAL_RCC_GetSysClockFreq                  0x08002459   Thumb Code    74  stm32f1xx_hal_rcc.o(i.HAL_RCC_GetSysClockFreq)
    HAL_RCC_OscConfig                        0x080024c5   Thumb Code   778  stm32f1xx_hal_rcc.o(i.HAL_RCC_OscConfig)
    HAL_SYSTICK_Config                       0x080027e5   Thumb Code    40  stm32f1xx_hal_cortex.o(i.HAL_SYSTICK_Config)
    HAL_TIMEx_ConfigBreakDeadTime            0x0800280d   Thumb Code    84  stm32f1xx_hal_tim_ex.o(i.HAL_TIMEx_ConfigBreakDeadTime)
    HAL_TIMEx_MasterConfigSynchronization    0x08002861   Thumb Code    92  stm32f1xx_hal_tim_ex.o(i.HAL_TIMEx_MasterConfigSynchronization)
    HAL_TIM_Base_Init                        0x080028c9   Thumb Code    90  stm32f1xx_hal_tim.o(i.HAL_TIM_Base_Init)
    HAL_TIM_Base_MspInit                     0x08002925   Thumb Code    74  tim.o(i.HAL_TIM_Base_MspInit)
    HAL_TIM_Base_Start                       0x0800297d   Thumb Code    66  stm32f1xx_hal_tim.o(i.HAL_TIM_Base_Start)
    HAL_TIM_Base_Stop                        0x080029cd   Thumb Code    38  stm32f1xx_hal_tim.o(i.HAL_TIM_Base_Stop)
    HAL_TIM_ConfigClockSource                0x080029f3   Thumb Code   214  stm32f1xx_hal_tim.o(i.HAL_TIM_ConfigClockSource)
    HAL_TIM_MspPostInit                      0x08002ac9   Thumb Code    90  tim.o(i.HAL_TIM_MspPostInit)
    HAL_TIM_PWM_ConfigChannel                0x08002b31   Thumb Code   198  stm32f1xx_hal_tim.o(i.HAL_TIM_PWM_ConfigChannel)
    HAL_TIM_PWM_Init                         0x08002bf7   Thumb Code    90  stm32f1xx_hal_tim.o(i.HAL_TIM_PWM_Init)
    HAL_TIM_PWM_MspInit                      0x08002c51   Thumb Code     2  stm32f1xx_hal_tim.o(i.HAL_TIM_PWM_MspInit)
    HAL_TIM_PWM_Start                        0x08002c55   Thumb Code   144  stm32f1xx_hal_tim.o(i.HAL_TIM_PWM_Start)
    HardFault_Handler                        0x08002cf1   Thumb Code     2  stm32f1xx_it.o(i.HardFault_Handler)
    MX_GPIO_Init                             0x08002f55   Thumb Code   220  gpio.o(i.MX_GPIO_Init)
    MX_I2C2_Init                             0x08003041   Thumb Code    50  i2c.o(i.MX_I2C2_Init)
    MX_TIM1_Init                             0x08003081   Thumb Code   240  tim.o(i.MX_TIM1_Init)
    MX_TIM2_Init                             0x08003179   Thumb Code   146  tim.o(i.MX_TIM2_Init)
    MX_TIM4_Init                             0x08003211   Thumb Code    94  tim.o(i.MX_TIM4_Init)
    MemManage_Handler                        0x08003279   Thumb Code     2  stm32f1xx_it.o(i.MemManage_Handler)
    NMI_Handler                              0x0800327b   Thumb Code     2  stm32f1xx_it.o(i.NMI_Handler)
    PendSV_Handler                           0x0800327d   Thumb Code     2  stm32f1xx_it.o(i.PendSV_Handler)
    SVC_Handler                              0x0800327f   Thumb Code     2  stm32f1xx_it.o(i.SVC_Handler)
    SysTick_Handler                          0x08003281   Thumb Code    54  stm32f1xx_it.o(i.SysTick_Handler)
    SystemClock_Config                       0x080032c1   Thumb Code    94  main.o(i.SystemClock_Config)
    SystemInit                               0x0800331f   Thumb Code     2  system_stm32f1xx.o(i.SystemInit)
    TIM_Base_SetConfig                       0x08003321   Thumb Code    94  stm32f1xx_hal_tim.o(i.TIM_Base_SetConfig)
    TIM_CCxChannelCmd                        0x0800338d   Thumb Code    26  stm32f1xx_hal_tim.o(i.TIM_CCxChannelCmd)
    TIM_ETR_SetConfig                        0x080033a7   Thumb Code    20  stm32f1xx_hal_tim.o(i.TIM_ETR_SetConfig)
    TIM_OC2_SetConfig                        0x0800341d   Thumb Code    84  stm32f1xx_hal_tim.o(i.TIM_OC2_SetConfig)
    UsageFault_Handler                       0x08003557   Thumb Code     2  stm32f1xx_it.o(i.UsageFault_Handler)
    __ARM_fpclassify                         0x08003559   Thumb Code    40  fpclassify.o(i.__ARM_fpclassify)
    _is_digit                                0x080035a1   Thumb Code    14  __printf_wp.o(i._is_digit)
    btn_press_short_callback                 0x080035af   Thumb Code     2  button.o(i.btn_press_short_callback)
    btn_press_timeout_callback               0x080035b1   Thumb Code    36  main.o(i.btn_press_timeout_callback)
    btn_pressing_callback                    0x080035dd   Thumb Code   886  main.o(i.btn_pressing_callback)
    btn_release_callback                     0x080039e1   Thumb Code     2  button.o(i.btn_release_callback)
    button_handle                            0x080039e3   Thumb Code   144  button.o(i.button_handle)
    button_init                              0x08003a73   Thumb Code     6  button.o(i.button_init)
    hx711_callback                           0x08003aad   Thumb Code   916  main.o(i.hx711_callback)
    hx711_coef_set                           0x08003e89   Thumb Code     4  hx711.o(i.hx711_coef_set)
    hx711_delay_us                           0x08003e8d   Thumb Code    38  hx711.o(i.hx711_delay_us)
    hx711_handle                             0x08003eb5   Thumb Code    64  hx711.o(i.hx711_handle)
    hx711_init                               0x08003f05   Thumb Code   128  hx711.o(i.hx711_init)
    hx711_lock                               0x08003f85   Thumb Code    24  hx711.o(i.hx711_lock)
    hx711_tare                               0x08003f9d   Thumb Code    68  hx711.o(i.hx711_tare)
    hx711_value                              0x08003fe1   Thumb Code   140  hx711.o(i.hx711_value)
    hx711_weight                             0x0800406d   Thumb Code    84  hx711.o(i.hx711_weight)
    lcd_clear_display                        0x080040c1   Thumb Code    18  liquidcrystal_i2c.o(i.lcd_clear_display)
    lcd_init                                 0x080040d3   Thumb Code   102  liquidcrystal_i2c.o(i.lcd_init)
    lcd_printf                               0x08004139   Thumb Code    58  liquidcrystal_i2c.o(i.lcd_printf)
    lcd_set_cursor                           0x080041fd   Thumb Code    26  liquidcrystal_i2c.o(i.lcd_set_cursor)
    lcd_set_cursor_blink_off                 0x0800421d   Thumb Code    16  liquidcrystal_i2c.o(i.lcd_set_cursor_blink_off)
    main                                     0x0800422d   Thumb Code   742  main.o(i.main)
    servo_close                              0x080045a9   Thumb Code     6  servo.o(i.servo_close)
    servo_init                               0x080045af   Thumb Code    24  servo.o(i.servo_init)
    servo_open                               0x080045c7   Thumb Code     6  servo.o(i.servo_open)
    servo_set_angle                          0x080045cd   Thumb Code    66  servo.o(i.servo_set_angle)
    _get_lc_numeric                          0x08004611   Thumb Code    44  lc_numeric_c.o(locale$$code)
    _get_lc_ctype                            0x0800463d   Thumb Code    44  lc_ctype_c.o(locale$$code)
    __fpl_dretinf                            0x08004669   Thumb Code    12  dretinf.o(x$fpl$dretinf)
    __aeabi_f2d                              0x08004675   Thumb Code     0  f2d.o(x$fpl$f2d)
    _f2d                                     0x08004675   Thumb Code    86  f2d.o(x$fpl$f2d)
    __aeabi_fadd                             0x080046cd   Thumb Code     0  faddsub_clz.o(x$fpl$fadd)
    _fadd                                    0x080046cd   Thumb Code   196  faddsub_clz.o(x$fpl$fadd)
    __aeabi_fdiv                             0x08004791   Thumb Code     0  fdiv.o(x$fpl$fdiv)
    _fdiv                                    0x08004791   Thumb Code   384  fdiv.o(x$fpl$fdiv)
    __aeabi_f2uiz                            0x08004915   Thumb Code     0  ffixu.o(x$fpl$ffixu)
    _ffixu                                   0x08004915   Thumb Code    62  ffixu.o(x$fpl$ffixu)
    __aeabi_i2f                              0x08004955   Thumb Code     0  fflt_clz.o(x$fpl$fflt)
    _fflt                                    0x08004955   Thumb Code    48  fflt_clz.o(x$fpl$fflt)
    __aeabi_ui2f                             0x08004985   Thumb Code     0  fflt_clz.o(x$fpl$ffltu)
    _ffltu                                   0x08004985   Thumb Code    38  fflt_clz.o(x$fpl$ffltu)
    __fpl_fnaninf                            0x080049ab   Thumb Code   140  fnaninf.o(x$fpl$fnaninf)
    __fpl_fretinf                            0x08004a37   Thumb Code    10  fretinf.o(x$fpl$fretinf)
    __aeabi_fsub                             0x08004a41   Thumb Code     0  faddsub_clz.o(x$fpl$fsub)
    _fsub                                    0x08004a41   Thumb Code   234  faddsub_clz.o(x$fpl$fsub)
    _printf_fp_dec                           0x08004b2b   Thumb Code     4  printf1.o(x$fpl$printf1)
    _printf_fp_hex                           0x08004b2f   Thumb Code     4  printf2.o(x$fpl$printf2)
    AHBPrescTable                            0x08004b32   Data          16  system_stm32f1xx.o(.constdata)
    __I$use$fp                               0x08004b32   Number         0  usenofp.o(x$fpl$usenofp)
    APBPrescTable                            0x08004b42   Data           8  system_stm32f1xx.o(.constdata)
    Region$$Table$$Base                      0x08004c48   Number         0  anon$$obj.o(Region$$Table)
    Region$$Table$$Limit                     0x08004c68   Number         0  anon$$obj.o(Region$$Table)
    __ctype                                  0x08004c91   Data           0  lc_ctype_c.o(locale$$data)
    ui8_start_var                            0x2000002c   Data           1  stm32f1xx_it.o(.data)
    uwTickFreq                               0x20000030   Data           1  stm32f1xx_hal.o(.data)
    uwTickPrio                               0x20000034   Data           4  stm32f1xx_hal.o(.data)
    uwTick                                   0x20000038   Data           4  stm32f1xx_hal.o(.data)
    SystemCoreClock                          0x2000003c   Data           4  system_stm32f1xx.o(.data)
    loadcell1                                0x2000004c   Data          36  main.o(.bss)
    loadcell2                                0x20000070   Data          36  main.o(.bss)
    loadcell3                                0x20000094   Data          36  main.o(.bss)
    loadcell4                                0x200000b8   Data          36  main.o(.bss)
    hi2c2                                    0x2000019c   Data          84  i2c.o(.bss)
    htim1                                    0x200001f0   Data          72  tim.o(.bss)
    htim2                                    0x20000238   Data          72  tim.o(.bss)
    htim4                                    0x20000280   Data          72  tim.o(.bss)
    __libspace_start                         0x200002c8   Data          96  libspace.o(.bss)
    __temporary_stack_top$libspace           0x20000328   Data           0  libspace.o(.bss)



==============================================================================

Memory Map of the image

  Image Entry point : 0x080000ed

  Load Region LR_IROM1 (Base: 0x08000000, Size: 0x00004dd4, Max: 0x00010000, ABSOLUTE)

    Execution Region ER_IROM1 (Exec base: 0x08000000, Load base: 0x08000000, Size: 0x00004d94, Max: 0x00010000, ABSOLUTE)

    Exec Addr    Load Addr    Size         Type   Attr      Idx    E Section Name        Object

    0x08000000   0x08000000   0x000000ec   Data   RO            3    RESET               startup_stm32f103xb.o
    0x080000ec   0x080000ec   0x00000008   Code   RO         3325  * !!!main             c_w.l(__main.o)
    0x080000f4   0x080000f4   0x00000034   Code   RO         3688    !!!scatter          c_w.l(__scatter.o)
    0x08000128   0x08000128   0x0000001a   Code   RO         3690    !!handler_copy      c_w.l(__scatter_copy.o)
    0x08000142   0x08000142   0x00000002   PAD
    0x08000144   0x08000144   0x0000001c   Code   RO         3692    !!handler_zi        c_w.l(__scatter_zi.o)
    0x08000160   0x08000160   0x00000000   Code   RO         3433    .ARM.Collect$$_printf_percent$$00000000  c_w.l(_printf_percent.o)
    0x08000160   0x08000160   0x00000006   Code   RO         3422    .ARM.Collect$$_printf_percent$$00000001  c_w.l(_printf_n.o)
    0x08000166   0x08000166   0x00000006   Code   RO         3424    .ARM.Collect$$_printf_percent$$00000002  c_w.l(_printf_p.o)
    0x0800016c   0x0800016c   0x00000006   Code   RO         3429    .ARM.Collect$$_printf_percent$$00000003  c_w.l(_printf_f.o)
    0x08000172   0x08000172   0x00000006   Code   RO         3430    .ARM.Collect$$_printf_percent$$00000004  c_w.l(_printf_e.o)
    0x08000178   0x08000178   0x00000006   Code   RO         3431    .ARM.Collect$$_printf_percent$$00000005  c_w.l(_printf_g.o)
    0x0800017e   0x0800017e   0x00000006   Code   RO         3432    .ARM.Collect$$_printf_percent$$00000006  c_w.l(_printf_a.o)
    0x08000184   0x08000184   0x0000000a   Code   RO         3437    .ARM.Collect$$_printf_percent$$00000007  c_w.l(_printf_ll.o)
    0x0800018e   0x0800018e   0x00000006   Code   RO         3426    .ARM.Collect$$_printf_percent$$00000008  c_w.l(_printf_i.o)
    0x08000194   0x08000194   0x00000006   Code   RO         3427    .ARM.Collect$$_printf_percent$$00000009  c_w.l(_printf_d.o)
    0x0800019a   0x0800019a   0x00000006   Code   RO         3428    .ARM.Collect$$_printf_percent$$0000000A  c_w.l(_printf_u.o)
    0x080001a0   0x080001a0   0x00000006   Code   RO         3425    .ARM.Collect$$_printf_percent$$0000000B  c_w.l(_printf_o.o)
    0x080001a6   0x080001a6   0x00000006   Code   RO         3423    .ARM.Collect$$_printf_percent$$0000000C  c_w.l(_printf_x.o)
    0x080001ac   0x080001ac   0x00000006   Code   RO         3434    .ARM.Collect$$_printf_percent$$0000000D  c_w.l(_printf_lli.o)
    0x080001b2   0x080001b2   0x00000006   Code   RO         3435    .ARM.Collect$$_printf_percent$$0000000E  c_w.l(_printf_lld.o)
    0x080001b8   0x080001b8   0x00000006   Code   RO         3436    .ARM.Collect$$_printf_percent$$0000000F  c_w.l(_printf_llu.o)
    0x080001be   0x080001be   0x00000006   Code   RO         3441    .ARM.Collect$$_printf_percent$$00000010  c_w.l(_printf_llo.o)
    0x080001c4   0x080001c4   0x00000006   Code   RO         3442    .ARM.Collect$$_printf_percent$$00000011  c_w.l(_printf_llx.o)
    0x080001ca   0x080001ca   0x0000000a   Code   RO         3438    .ARM.Collect$$_printf_percent$$00000012  c_w.l(_printf_l.o)
    0x080001d4   0x080001d4   0x00000006   Code   RO         3420    .ARM.Collect$$_printf_percent$$00000013  c_w.l(_printf_c.o)
    0x080001da   0x080001da   0x00000006   Code   RO         3421    .ARM.Collect$$_printf_percent$$00000014  c_w.l(_printf_s.o)
    0x080001e0   0x080001e0   0x00000006   Code   RO         3439    .ARM.Collect$$_printf_percent$$00000015  c_w.l(_printf_lc.o)
    0x080001e6   0x080001e6   0x00000006   Code   RO         3440    .ARM.Collect$$_printf_percent$$00000016  c_w.l(_printf_ls.o)
    0x080001ec   0x080001ec   0x00000004   Code   RO         3492    .ARM.Collect$$_printf_percent$$00000017  c_w.l(_printf_percent_end.o)
    0x080001f0   0x080001f0   0x00000002   Code   RO         3543    .ARM.Collect$$libinit$$00000000  c_w.l(libinit.o)
    0x080001f2   0x080001f2   0x00000000   Code   RO         3563    .ARM.Collect$$libinit$$00000002  c_w.l(libinit2.o)
    0x080001f2   0x080001f2   0x00000000   Code   RO         3565    .ARM.Collect$$libinit$$00000004  c_w.l(libinit2.o)
    0x080001f2   0x080001f2   0x00000000   Code   RO         3568    .ARM.Collect$$libinit$$0000000A  c_w.l(libinit2.o)
    0x080001f2   0x080001f2   0x00000000   Code   RO         3570    .ARM.Collect$$libinit$$0000000C  c_w.l(libinit2.o)
    0x080001f2   0x080001f2   0x00000000   Code   RO         3572    .ARM.Collect$$libinit$$0000000E  c_w.l(libinit2.o)
    0x080001f2   0x080001f2   0x00000006   Code   RO         3573    .ARM.Collect$$libinit$$0000000F  c_w.l(libinit2.o)
    0x080001f8   0x080001f8   0x00000000   Code   RO         3575    .ARM.Collect$$libinit$$00000011  c_w.l(libinit2.o)
    0x080001f8   0x080001f8   0x0000000c   Code   RO         3576    .ARM.Collect$$libinit$$00000012  c_w.l(libinit2.o)
    0x08000204   0x08000204   0x00000000   Code   RO         3577    .ARM.Collect$$libinit$$00000013  c_w.l(libinit2.o)
    0x08000204   0x08000204   0x00000000   Code   RO         3579    .ARM.Collect$$libinit$$00000015  c_w.l(libinit2.o)
    0x08000204   0x08000204   0x0000000a   Code   RO         3580    .ARM.Collect$$libinit$$00000016  c_w.l(libinit2.o)
    0x0800020e   0x0800020e   0x00000000   Code   RO         3581    .ARM.Collect$$libinit$$00000017  c_w.l(libinit2.o)
    0x0800020e   0x0800020e   0x00000000   Code   RO         3583    .ARM.Collect$$libinit$$00000019  c_w.l(libinit2.o)
    0x0800020e   0x0800020e   0x00000000   Code   RO         3585    .ARM.Collect$$libinit$$0000001B  c_w.l(libinit2.o)
    0x0800020e   0x0800020e   0x00000000   Code   RO         3587    .ARM.Collect$$libinit$$0000001D  c_w.l(libinit2.o)
    0x0800020e   0x0800020e   0x00000000   Code   RO         3589    .ARM.Collect$$libinit$$0000001F  c_w.l(libinit2.o)
    0x0800020e   0x0800020e   0x00000000   Code   RO         3591    .ARM.Collect$$libinit$$00000021  c_w.l(libinit2.o)
    0x0800020e   0x0800020e   0x00000000   Code   RO         3593    .ARM.Collect$$libinit$$00000023  c_w.l(libinit2.o)
    0x0800020e   0x0800020e   0x00000000   Code   RO         3595    .ARM.Collect$$libinit$$00000025  c_w.l(libinit2.o)
    0x0800020e   0x0800020e   0x00000000   Code   RO         3599    .ARM.Collect$$libinit$$0000002C  c_w.l(libinit2.o)
    0x0800020e   0x0800020e   0x00000000   Code   RO         3601    .ARM.Collect$$libinit$$0000002E  c_w.l(libinit2.o)
    0x0800020e   0x0800020e   0x00000000   Code   RO         3603    .ARM.Collect$$libinit$$00000030  c_w.l(libinit2.o)
    0x0800020e   0x0800020e   0x00000000   Code   RO         3605    .ARM.Collect$$libinit$$00000032  c_w.l(libinit2.o)
    0x0800020e   0x0800020e   0x00000002   Code   RO         3606    .ARM.Collect$$libinit$$00000033  c_w.l(libinit2.o)
    0x08000210   0x08000210   0x00000002   Code   RO         3636    .ARM.Collect$$libshutdown$$00000000  c_w.l(libshutdown.o)
    0x08000212   0x08000212   0x00000000   Code   RO         3653    .ARM.Collect$$libshutdown$$00000002  c_w.l(libshutdown2.o)
    0x08000212   0x08000212   0x00000000   Code   RO         3655    .ARM.Collect$$libshutdown$$00000004  c_w.l(libshutdown2.o)
    0x08000212   0x08000212   0x00000000   Code   RO         3657    .ARM.Collect$$libshutdown$$00000006  c_w.l(libshutdown2.o)
    0x08000212   0x08000212   0x00000000   Code   RO         3660    .ARM.Collect$$libshutdown$$00000009  c_w.l(libshutdown2.o)
    0x08000212   0x08000212   0x00000000   Code   RO         3663    .ARM.Collect$$libshutdown$$0000000C  c_w.l(libshutdown2.o)
    0x08000212   0x08000212   0x00000000   Code   RO         3665    .ARM.Collect$$libshutdown$$0000000E  c_w.l(libshutdown2.o)
    0x08000212   0x08000212   0x00000000   Code   RO         3668    .ARM.Collect$$libshutdown$$00000011  c_w.l(libshutdown2.o)
    0x08000212   0x08000212   0x00000002   Code   RO         3669    .ARM.Collect$$libshutdown$$00000012  c_w.l(libshutdown2.o)
    0x08000214   0x08000214   0x00000000   Code   RO         3349    .ARM.Collect$$rtentry$$00000000  c_w.l(__rtentry.o)
    0x08000214   0x08000214   0x00000000   Code   RO         3459    .ARM.Collect$$rtentry$$00000002  c_w.l(__rtentry2.o)
    0x08000214   0x08000214   0x00000006   Code   RO         3471    .ARM.Collect$$rtentry$$00000004  c_w.l(__rtentry4.o)
    0x0800021a   0x0800021a   0x00000000   Code   RO         3461    .ARM.Collect$$rtentry$$00000009  c_w.l(__rtentry2.o)
    0x0800021a   0x0800021a   0x00000004   Code   RO         3462    .ARM.Collect$$rtentry$$0000000A  c_w.l(__rtentry2.o)
    0x0800021e   0x0800021e   0x00000000   Code   RO         3464    .ARM.Collect$$rtentry$$0000000C  c_w.l(__rtentry2.o)
    0x0800021e   0x0800021e   0x00000008   Code   RO         3465    .ARM.Collect$$rtentry$$0000000D  c_w.l(__rtentry2.o)
    0x08000226   0x08000226   0x00000002   Code   RO         3551    .ARM.Collect$$rtexit$$00000000  c_w.l(rtexit.o)
    0x08000228   0x08000228   0x00000000   Code   RO         3608    .ARM.Collect$$rtexit$$00000002  c_w.l(rtexit2.o)
    0x08000228   0x08000228   0x00000004   Code   RO         3609    .ARM.Collect$$rtexit$$00000003  c_w.l(rtexit2.o)
    0x0800022c   0x0800022c   0x00000006   Code   RO         3610    .ARM.Collect$$rtexit$$00000004  c_w.l(rtexit2.o)
    0x08000232   0x08000232   0x00000002   PAD
    0x08000234   0x08000234   0x00000040   Code   RO            4    .text               startup_stm32f103xb.o
    0x08000274   0x08000274   0x00000048   Code   RO         3315    .text               c_w.l(llsdiv.o)
    0x080002bc   0x080002bc   0x00000024   Code   RO         3317    .text               c_w.l(vsprintf.o)
    0x080002e0   0x080002e0   0x0000003e   Code   RO         3319    .text               c_w.l(strlen.o)
    0x0800031e   0x0800031e   0x0000004e   Code   RO         3321    .text               c_w.l(rt_memclr_w.o)
    0x0800036c   0x0800036c   0x00000006   Code   RO         3323    .text               c_w.l(heapauxi.o)
    0x08000372   0x08000372   0x000000ee   Code   RO         3350    .text               c_w.l(lludivv7m.o)
    0x08000460   0x08000460   0x0000004e   Code   RO         3354    .text               c_w.l(_printf_pad.o)
    0x080004ae   0x080004ae   0x00000024   Code   RO         3356    .text               c_w.l(_printf_truncate.o)
    0x080004d2   0x080004d2   0x00000052   Code   RO         3358    .text               c_w.l(_printf_str.o)
    0x08000524   0x08000524   0x00000078   Code   RO         3360    .text               c_w.l(_printf_dec.o)
    0x0800059c   0x0800059c   0x00000028   Code   RO         3362    .text               c_w.l(_printf_charcount.o)
    0x080005c4   0x080005c4   0x00000030   Code   RO         3364    .text               c_w.l(_printf_char_common.o)
    0x080005f4   0x080005f4   0x0000000a   Code   RO         3366    .text               c_w.l(_sputc.o)
    0x080005fe   0x080005fe   0x00000002   PAD
    0x08000600   0x08000600   0x000000bc   Code   RO         3368    .text               c_w.l(_printf_wctomb.o)
    0x080006bc   0x080006bc   0x0000007c   Code   RO         3371    .text               c_w.l(_printf_longlong_dec.o)
    0x08000738   0x08000738   0x00000070   Code   RO         3377    .text               c_w.l(_printf_oct_int_ll.o)
    0x080007a8   0x080007a8   0x00000094   Code   RO         3397    .text               c_w.l(_printf_hex_int_ll_ptr.o)
    0x0800083c   0x0800083c   0x00000188   Code   RO         3417    .text               c_w.l(__printf_flags_ss_wp.o)
    0x080009c4   0x080009c4   0x0000008a   Code   RO         3477    .text               c_w.l(lludiv10.o)
    0x08000a4e   0x08000a4e   0x000000b2   Code   RO         3479    .text               c_w.l(_printf_intcommon.o)
    0x08000b00   0x08000b00   0x0000041e   Code   RO         3481    .text               c_w.l(_printf_fp_dec.o)
    0x08000f1e   0x08000f1e   0x00000002   PAD
    0x08000f20   0x08000f20   0x000002fc   Code   RO         3483    .text               c_w.l(_printf_fp_hex.o)
    0x0800121c   0x0800121c   0x0000002c   Code   RO         3488    .text               c_w.l(_printf_char.o)
    0x08001248   0x08001248   0x0000002c   Code   RO         3490    .text               c_w.l(_printf_wchar.o)
    0x08001274   0x08001274   0x00000040   Code   RO         3493    .text               c_w.l(_wcrtomb.o)
    0x080012b4   0x080012b4   0x0000004a   Code   RO         3495    .text               c_w.l(sys_stackheap_outer.o)
    0x080012fe   0x080012fe   0x00000002   PAD
    0x08001300   0x08001300   0x00000010   Code   RO         3497    .text               c_w.l(rt_ctype_table.o)
    0x08001310   0x08001310   0x00000008   Code   RO         3504    .text               c_w.l(rt_locale_intlibspace.o)
    0x08001318   0x08001318   0x00000080   Code   RO         3506    .text               c_w.l(_printf_fp_infnan.o)
    0x08001398   0x08001398   0x000000e4   Code   RO         3508    .text               c_w.l(bigflt0.o)
    0x0800147c   0x0800147c   0x00000012   Code   RO         3536    .text               c_w.l(exit.o)
    0x0800148e   0x0800148e   0x00000002   PAD
    0x08001490   0x08001490   0x00000008   Code   RO         3548    .text               c_w.l(libspace.o)
    0x08001498   0x08001498   0x00000080   Code   RO         3560    .text               c_w.l(strcmpv7m.o)
    0x08001518   0x08001518   0x0000000c   Code   RO         3624    .text               c_w.l(sys_exit.o)
    0x08001524   0x08001524   0x00000002   Code   RO         3641    .text               c_w.l(use_no_semi.o)
    0x08001526   0x08001526   0x00000000   Code   RO         3643    .text               c_w.l(indicate_semi.o)
    0x08001526   0x08001526   0x0000003e   Code   RO         3511    CL$$btod_d2e        c_w.l(btod.o)
    0x08001564   0x08001564   0x00000046   Code   RO         3513    CL$$btod_d2e_denorm_low  c_w.l(btod.o)
    0x080015aa   0x080015aa   0x00000060   Code   RO         3512    CL$$btod_d2e_norm_op1  c_w.l(btod.o)
    0x0800160a   0x0800160a   0x00000338   Code   RO         3521    CL$$btod_div_common  c_w.l(btod.o)
    0x08001942   0x08001942   0x000000dc   Code   RO         3518    CL$$btod_e2e        c_w.l(btod.o)
    0x08001a1e   0x08001a1e   0x0000002a   Code   RO         3515    CL$$btod_ediv       c_w.l(btod.o)
    0x08001a48   0x08001a48   0x0000002a   Code   RO         3514    CL$$btod_emul       c_w.l(btod.o)
    0x08001a72   0x08001a72   0x00000244   Code   RO         3520    CL$$btod_mult_common  c_w.l(btod.o)
    0x08001cb6   0x08001cb6   0x00000002   Code   RO          518    i.BusFault_Handler  stm32f1xx_it.o
    0x08001cb8   0x08001cb8   0x00000002   Code   RO          519    i.DebugMon_Handler  stm32f1xx_it.o
    0x08001cba   0x08001cba   0x00000004   Code   RO          217    i.Error_Handler     main.o
    0x08001cbe   0x08001cbe   0x00000002   PAD
    0x08001cc0   0x08001cc0   0x00000024   Code   RO         1099    i.HAL_Delay         stm32f1xx_hal.o
    0x08001ce4   0x08001ce4   0x000001e0   Code   RO         1407    i.HAL_GPIO_Init     stm32f1xx_hal_gpio.o
    0x08001ec4   0x08001ec4   0x0000000a   Code   RO         1409    i.HAL_GPIO_ReadPin  stm32f1xx_hal_gpio.o
    0x08001ece   0x08001ece   0x0000000a   Code   RO         1411    i.HAL_GPIO_WritePin  stm32f1xx_hal_gpio.o
    0x08001ed8   0x08001ed8   0x0000000c   Code   RO         1103    i.HAL_GetTick       stm32f1xx_hal.o
    0x08001ee4   0x08001ee4   0x00000188   Code   RO          671    i.HAL_I2C_Init      stm32f1xx_hal_i2c.o
    0x0800206c   0x0800206c   0x0000012c   Code   RO          684    i.HAL_I2C_Master_Transmit  stm32f1xx_hal_i2c.o
    0x08002198   0x08002198   0x00000060   Code   RO          417    i.HAL_I2C_MspInit   i2c.o
    0x080021f8   0x080021f8   0x00000010   Code   RO         1109    i.HAL_IncTick       stm32f1xx_hal.o
    0x08002208   0x08002208   0x00000024   Code   RO         1110    i.HAL_Init          stm32f1xx_hal.o
    0x0800222c   0x0800222c   0x00000040   Code   RO         1111    i.HAL_InitTick      stm32f1xx_hal.o
    0x0800226c   0x0800226c   0x0000003c   Code   RO          600    i.HAL_MspInit       stm32f1xx_hal_msp.o
    0x080022a8   0x080022a8   0x00000040   Code   RO         1573    i.HAL_NVIC_SetPriority  stm32f1xx_hal_cortex.o
    0x080022e8   0x080022e8   0x00000024   Code   RO         1574    i.HAL_NVIC_SetPriorityGrouping  stm32f1xx_hal_cortex.o
    0x0800230c   0x0800230c   0x0000012c   Code   RO         1267    i.HAL_RCC_ClockConfig  stm32f1xx_hal_rcc.o
    0x08002438   0x08002438   0x00000020   Code   RO         1274    i.HAL_RCC_GetPCLK1Freq  stm32f1xx_hal_rcc.o
    0x08002458   0x08002458   0x0000006c   Code   RO         1276    i.HAL_RCC_GetSysClockFreq  stm32f1xx_hal_rcc.o
    0x080024c4   0x080024c4   0x00000320   Code   RO         1279    i.HAL_RCC_OscConfig  stm32f1xx_hal_rcc.o
    0x080027e4   0x080027e4   0x00000028   Code   RO         1578    i.HAL_SYSTICK_Config  stm32f1xx_hal_cortex.o
    0x0800280c   0x0800280c   0x00000054   Code   RO         2776    i.HAL_TIMEx_ConfigBreakDeadTime  stm32f1xx_hal_tim_ex.o
    0x08002860   0x08002860   0x00000068   Code   RO         2792    i.HAL_TIMEx_MasterConfigSynchronization  stm32f1xx_hal_tim_ex.o
    0x080028c8   0x080028c8   0x0000005a   Code   RO         2069    i.HAL_TIM_Base_Init  stm32f1xx_hal_tim.o
    0x08002922   0x08002922   0x00000002   PAD
    0x08002924   0x08002924   0x00000058   Code   RO          459    i.HAL_TIM_Base_MspInit  tim.o
    0x0800297c   0x0800297c   0x00000050   Code   RO         2072    i.HAL_TIM_Base_Start  stm32f1xx_hal_tim.o
    0x080029cc   0x080029cc   0x00000026   Code   RO         2075    i.HAL_TIM_Base_Stop  stm32f1xx_hal_tim.o
    0x080029f2   0x080029f2   0x000000d6   Code   RO         2078    i.HAL_TIM_ConfigClockSource  stm32f1xx_hal_tim.o
    0x08002ac8   0x08002ac8   0x00000068   Code   RO          460    i.HAL_TIM_MspPostInit  tim.o
    0x08002b30   0x08002b30   0x000000c6   Code   RO         2141    i.HAL_TIM_PWM_ConfigChannel  stm32f1xx_hal_tim.o
    0x08002bf6   0x08002bf6   0x0000005a   Code   RO         2144    i.HAL_TIM_PWM_Init  stm32f1xx_hal_tim.o
    0x08002c50   0x08002c50   0x00000002   Code   RO         2146    i.HAL_TIM_PWM_MspInit  stm32f1xx_hal_tim.o
    0x08002c52   0x08002c52   0x00000002   PAD
    0x08002c54   0x08002c54   0x0000009c   Code   RO         2149    i.HAL_TIM_PWM_Start  stm32f1xx_hal_tim.o
    0x08002cf0   0x08002cf0   0x00000002   Code   RO          520    i.HardFault_Handler  stm32f1xx_it.o
    0x08002cf2   0x08002cf2   0x0000002e   Code   RO          713    i.I2C_IsAcknowledgeFailed  stm32f1xx_hal_i2c.o
    0x08002d20   0x08002d20   0x0000009c   Code   RO          717    i.I2C_MasterRequestWrite  stm32f1xx_hal_i2c.o
    0x08002dbc   0x08002dbc   0x0000004c   Code   RO          728    i.I2C_WaitOnBTFFlagUntilTimeout  stm32f1xx_hal_i2c.o
    0x08002e08   0x08002e08   0x00000068   Code   RO          729    i.I2C_WaitOnFlagUntilTimeout  stm32f1xx_hal_i2c.o
    0x08002e70   0x08002e70   0x00000096   Code   RO          730    i.I2C_WaitOnMasterAddressFlagUntilTimeout  stm32f1xx_hal_i2c.o
    0x08002f06   0x08002f06   0x0000004c   Code   RO          732    i.I2C_WaitOnTXEFlagUntilTimeout  stm32f1xx_hal_i2c.o
    0x08002f52   0x08002f52   0x00000002   PAD
    0x08002f54   0x08002f54   0x000000ec   Code   RO          389    i.MX_GPIO_Init      gpio.o
    0x08003040   0x08003040   0x00000040   Code   RO          418    i.MX_I2C2_Init      i2c.o
    0x08003080   0x08003080   0x000000f8   Code   RO          461    i.MX_TIM1_Init      tim.o
    0x08003178   0x08003178   0x00000098   Code   RO          462    i.MX_TIM2_Init      tim.o
    0x08003210   0x08003210   0x00000068   Code   RO          463    i.MX_TIM4_Init      tim.o
    0x08003278   0x08003278   0x00000002   Code   RO          521    i.MemManage_Handler  stm32f1xx_it.o
    0x0800327a   0x0800327a   0x00000002   Code   RO          522    i.NMI_Handler       stm32f1xx_it.o
    0x0800327c   0x0800327c   0x00000002   Code   RO          523    i.PendSV_Handler    stm32f1xx_it.o
    0x0800327e   0x0800327e   0x00000002   Code   RO          524    i.SVC_Handler       stm32f1xx_it.o
    0x08003280   0x08003280   0x00000040   Code   RO          525    i.SysTick_Handler   stm32f1xx_it.o
    0x080032c0   0x080032c0   0x0000005e   Code   RO          218    i.SystemClock_Config  main.o
    0x0800331e   0x0800331e   0x00000002   Code   RO         3041    i.SystemInit        system_stm32f1xx.o
    0x08003320   0x08003320   0x0000006c   Code   RO         2162    i.TIM_Base_SetConfig  stm32f1xx_hal_tim.o
    0x0800338c   0x0800338c   0x0000001a   Code   RO         2163    i.TIM_CCxChannelCmd  stm32f1xx_hal_tim.o
    0x080033a6   0x080033a6   0x00000014   Code   RO         2173    i.TIM_ETR_SetConfig  stm32f1xx_hal_tim.o
    0x080033ba   0x080033ba   0x00000010   Code   RO         2174    i.TIM_ITRx_SetConfig  stm32f1xx_hal_tim.o
    0x080033ca   0x080033ca   0x00000002   PAD
    0x080033cc   0x080033cc   0x00000050   Code   RO         2175    i.TIM_OC1_SetConfig  stm32f1xx_hal_tim.o
    0x0800341c   0x0800341c   0x00000058   Code   RO         2176    i.TIM_OC2_SetConfig  stm32f1xx_hal_tim.o
    0x08003474   0x08003474   0x00000058   Code   RO         2177    i.TIM_OC3_SetConfig  stm32f1xx_hal_tim.o
    0x080034cc   0x080034cc   0x00000044   Code   RO         2178    i.TIM_OC4_SetConfig  stm32f1xx_hal_tim.o
    0x08003510   0x08003510   0x00000022   Code   RO         2180    i.TIM_TI1_ConfigInputStage  stm32f1xx_hal_tim.o
    0x08003532   0x08003532   0x00000024   Code   RO         2182    i.TIM_TI2_ConfigInputStage  stm32f1xx_hal_tim.o
    0x08003556   0x08003556   0x00000002   Code   RO          526    i.UsageFault_Handler  stm32f1xx_it.o
    0x08003558   0x08003558   0x00000028   Code   RO         3546    i.__ARM_fpclassify  m_ws.l(fpclassify.o)
    0x08003580   0x08003580   0x00000020   Code   RO         1580    i.__NVIC_SetPriority  stm32f1xx_hal_cortex.o
    0x080035a0   0x080035a0   0x0000000e   Code   RO         3410    i._is_digit         c_w.l(__printf_wp.o)
    0x080035ae   0x080035ae   0x00000002   Code   RO         3123    i.btn_press_short_callback  button.o
    0x080035b0   0x080035b0   0x0000002c   Code   RO          219    i.btn_press_timeout_callback  main.o
    0x080035dc   0x080035dc   0x00000404   Code   RO          220    i.btn_pressing_callback  main.o
    0x080039e0   0x080039e0   0x00000002   Code   RO         3126    i.btn_release_callback  button.o
    0x080039e2   0x080039e2   0x00000090   Code   RO         3127    i.button_handle     button.o
    0x08003a72   0x08003a72   0x00000006   Code   RO         3128    i.button_init       button.o
    0x08003a78   0x08003a78   0x0000001c   Code   RO          221    i.conveyor_start    main.o
    0x08003a94   0x08003a94   0x00000018   Code   RO          222    i.conveyor_stop     main.o
    0x08003aac   0x08003aac   0x000003dc   Code   RO          223    i.hx711_callback    main.o
    0x08003e88   0x08003e88   0x00000004   Code   RO           16    i.hx711_coef_set    hx711.o
    0x08003e8c   0x08003e8c   0x00000026   Code   RO           17    i.hx711_delay_us    hx711.o
    0x08003eb2   0x08003eb2   0x00000002   PAD
    0x08003eb4   0x08003eb4   0x00000050   Code   RO           18    i.hx711_handle      hx711.o
    0x08003f04   0x08003f04   0x00000080   Code   RO           19    i.hx711_init        hx711.o
    0x08003f84   0x08003f84   0x00000018   Code   RO           20    i.hx711_lock        hx711.o
    0x08003f9c   0x08003f9c   0x00000044   Code   RO           23    i.hx711_tare        hx711.o
    0x08003fe0   0x08003fe0   0x0000008c   Code   RO           25    i.hx711_value       hx711.o
    0x0800406c   0x0800406c   0x00000054   Code   RO           27    i.hx711_weight      hx711.o
    0x080040c0   0x080040c0   0x00000012   Code   RO         3182    i.lcd_clear_display  liquidcrystal_i2c.o
    0x080040d2   0x080040d2   0x00000066   Code   RO         3186    i.lcd_init          liquidcrystal_i2c.o
    0x08004138   0x08004138   0x0000003a   Code   RO         3187    i.lcd_printf        liquidcrystal_i2c.o
    0x08004172   0x08004172   0x00000040   Code   RO         3189    i.lcd_send_cmd      liquidcrystal_i2c.o
    0x080041b2   0x080041b2   0x00000048   Code   RO         3190    i.lcd_send_data     liquidcrystal_i2c.o
    0x080041fa   0x080041fa   0x00000002   PAD
    0x080041fc   0x080041fc   0x00000020   Code   RO         3191    i.lcd_set_cursor    liquidcrystal_i2c.o
    0x0800421c   0x0800421c   0x00000010   Code   RO         3192    i.lcd_set_cursor_blink_off  liquidcrystal_i2c.o
    0x0800422c   0x0800422c   0x0000037c   Code   RO          224    i.main              main.o
    0x080045a8   0x080045a8   0x00000006   Code   RO         3078    i.servo_close       servo.o
    0x080045ae   0x080045ae   0x00000018   Code   RO         3079    i.servo_init        servo.o
    0x080045c6   0x080045c6   0x00000006   Code   RO         3080    i.servo_open        servo.o
    0x080045cc   0x080045cc   0x00000042   Code   RO         3081    i.servo_set_angle   servo.o
    0x0800460e   0x0800460e   0x00000002   PAD
    0x08004610   0x08004610   0x0000002c   Code   RO         3534    locale$$code        c_w.l(lc_numeric_c.o)
    0x0800463c   0x0800463c   0x0000002c   Code   RO         3554    locale$$code        c_w.l(lc_ctype_c.o)
    0x08004668   0x08004668   0x0000000c   Code   RO         3443    x$fpl$dretinf       fz_ws.l(dretinf.o)
    0x08004674   0x08004674   0x00000056   Code   RO         3327    x$fpl$f2d           fz_ws.l(f2d.o)
    0x080046ca   0x080046ca   0x00000002   PAD
    0x080046cc   0x080046cc   0x000000c4   Code   RO         3329    x$fpl$fadd          fz_ws.l(faddsub_clz.o)
    0x08004790   0x08004790   0x00000184   Code   RO         3336    x$fpl$fdiv          fz_ws.l(fdiv.o)
    0x08004914   0x08004914   0x0000003e   Code   RO         3339    x$fpl$ffixu         fz_ws.l(ffixu.o)
    0x08004952   0x08004952   0x00000002   PAD
    0x08004954   0x08004954   0x00000030   Code   RO         3344    x$fpl$fflt          fz_ws.l(fflt_clz.o)
    0x08004984   0x08004984   0x00000026   Code   RO         3343    x$fpl$ffltu         fz_ws.l(fflt_clz.o)
    0x080049aa   0x080049aa   0x0000008c   Code   RO         3445    x$fpl$fnaninf       fz_ws.l(fnaninf.o)
    0x08004a36   0x08004a36   0x0000000a   Code   RO         3447    x$fpl$fretinf       fz_ws.l(fretinf.o)
    0x08004a40   0x08004a40   0x000000ea   Code   RO         3331    x$fpl$fsub          fz_ws.l(faddsub_clz.o)
    0x08004b2a   0x08004b2a   0x00000004   Code   RO         3449    x$fpl$printf1       fz_ws.l(printf1.o)
    0x08004b2e   0x08004b2e   0x00000004   Code   RO         3451    x$fpl$printf2       fz_ws.l(printf2.o)
    0x08004b32   0x08004b32   0x00000000   Code   RO         3457    x$fpl$usenofp       fz_ws.l(usenofp.o)
    0x08004b32   0x08004b32   0x00000010   Data   RO         3042    .constdata          system_stm32f1xx.o
    0x08004b42   0x08004b42   0x00000008   Data   RO         3043    .constdata          system_stm32f1xx.o
    0x08004b4a   0x08004b4a   0x00000002   PAD
    0x08004b4c   0x08004b4c   0x00000008   Data   RO         3369    .constdata          c_w.l(_printf_wctomb.o)
    0x08004b54   0x08004b54   0x00000028   Data   RO         3398    .constdata          c_w.l(_printf_hex_int_ll_ptr.o)
    0x08004b7c   0x08004b7c   0x00000011   Data   RO         3418    .constdata          c_w.l(__printf_flags_ss_wp.o)
    0x08004b8d   0x08004b8d   0x00000026   Data   RO         3484    .constdata          c_w.l(_printf_fp_hex.o)
    0x08004bb3   0x08004bb3   0x00000001   PAD
    0x08004bb4   0x08004bb4   0x00000094   Data   RO         3509    .constdata          c_w.l(bigflt0.o)
    0x08004c48   0x08004c48   0x00000020   Data   RO         3686    Region$$Table       anon$$obj.o
    0x08004c68   0x08004c68   0x0000001c   Data   RO         3533    locale$$data        c_w.l(lc_numeric_c.o)
    0x08004c84   0x08004c84   0x00000110   Data   RO         3553    locale$$data        c_w.l(lc_ctype_c.o)


    Execution Region RW_IRAM1 (Exec base: 0x20000000, Load base: 0x08004d94, Size: 0x00000928, Max: 0x00005000, ABSOLUTE)

    Exec Addr    Load Addr    Size         Type   Attr      Idx    E Section Name        Object

    0x20000000   0x08004d94   0x0000002c   Data   RW          226    .data               main.o
    0x2000002c   0x08004dc0   0x00000004   Data   RW          527    .data               stm32f1xx_it.o
    0x20000030   0x08004dc4   0x0000000c   Data   RW         1117    .data               stm32f1xx_hal.o
    0x2000003c   0x08004dd0   0x00000004   Data   RW         3044    .data               system_stm32f1xx.o
    0x20000040        -       0x0000015c   Zero   RW          225    .bss                main.o
    0x2000019c        -       0x00000054   Zero   RW          419    .bss                i2c.o
    0x200001f0        -       0x000000d8   Zero   RW          464    .bss                tim.o
    0x200002c8        -       0x00000060   Zero   RW         3549    .bss                c_w.l(libspace.o)
    0x20000328        -       0x00000200   Zero   RW            2    HEAP                startup_stm32f103xb.o
    0x20000528        -       0x00000400   Zero   RW            1    STACK               startup_stm32f103xb.o


==============================================================================

Image component sizes


      Code (inc. data)   RO Data    RW Data    ZI Data      Debug   Object Name

       154          0          0          0          0       2768   button.o
       236         16          0          0          0        979   gpio.o
       566         16          0          0          0     430388   hx711.o
       160         28          0          0         84       1593   i2c.o
       362          6          0          0          0       5956   liquidcrystal_i2c.o
      3102        380          0         44        348     449245   main.o
       102          0          0          0          0       2918   servo.o
        64         26        236          0       1536        800   startup_stm32f103xb.o
       164         28          0         12          0       5825   stm32f1xx_hal.o
       172         14          0          0          0      28238   stm32f1xx_hal_cortex.o
       500         34          0          0          0       3479   stm32f1xx_hal_gpio.o
      1300         32          0          0          0       8825   stm32f1xx_hal_i2c.o
        60          8          0          0          0        850   stm32f1xx_hal_msp.o
      1240         88          0          0          0       4585   stm32f1xx_hal_rcc.o
      1432         60          0          0          0      13233   stm32f1xx_hal_tim.o
       188         12          0          0          0       2088   stm32f1xx_hal_tim_ex.o
        80         10          0          4          0       4466   stm32f1xx_it.o
         2          0         24          4          0       1091   system_stm32f1xx.o
       696         52          0          0        216       3802   tim.o

    ----------------------------------------------------------------------
     10596        810        294         64       2184     971129   Object Totals
         0          0         32          0          0          0   (incl. Generated)
        16          0          2          0          0          0   (incl. Padding)

    ----------------------------------------------------------------------

      Code (inc. data)   RO Data    RW Data    ZI Data      Debug   Library Member Name

         8          0          0          0          0         68   __main.o
       392          4         17          0          0         92   __printf_flags_ss_wp.o
        14          0          0          0          0         68   __printf_wp.o
         0          0          0          0          0          0   __rtentry.o
        12          0          0          0          0          0   __rtentry2.o
         6          0          0          0          0          0   __rtentry4.o
        52          8          0          0          0          0   __scatter.o
        26          0          0          0          0          0   __scatter_copy.o
        28          0          0          0          0          0   __scatter_zi.o
         6          0          0          0          0          0   _printf_a.o
         6          0          0          0          0          0   _printf_c.o
        44          0          0          0          0        108   _printf_char.o
        48          6          0          0          0         96   _printf_char_common.o
        40          0          0          0          0         68   _printf_charcount.o
         6          0          0          0          0          0   _printf_d.o
       120         16          0          0          0         92   _printf_dec.o
         6          0          0          0          0          0   _printf_e.o
         6          0          0          0          0          0   _printf_f.o
      1054          0          0          0          0        216   _printf_fp_dec.o
       764          8         38          0          0        100   _printf_fp_hex.o
       128         16          0          0          0         84   _printf_fp_infnan.o
         6          0          0          0          0          0   _printf_g.o
       148          4         40          0          0        160   _printf_hex_int_ll_ptr.o
         6          0          0          0          0          0   _printf_i.o
       178          0          0          0          0         88   _printf_intcommon.o
        10          0          0          0          0          0   _printf_l.o
         6          0          0          0          0          0   _printf_lc.o
        10          0          0          0          0          0   _printf_ll.o
         6          0          0          0          0          0   _printf_lld.o
         6          0          0          0          0          0   _printf_lli.o
         6          0          0          0          0          0   _printf_llo.o
         6          0          0          0          0          0   _printf_llu.o
         6          0          0          0          0          0   _printf_llx.o
       124         16          0          0          0         92   _printf_longlong_dec.o
         6          0          0          0          0          0   _printf_ls.o
         6          0          0          0          0          0   _printf_n.o
         6          0          0          0          0          0   _printf_o.o
       112         10          0          0          0        124   _printf_oct_int_ll.o
         6          0          0          0          0          0   _printf_p.o
        78          0          0          0          0        108   _printf_pad.o
         0          0          0          0          0          0   _printf_percent.o
         4          0          0          0          0          0   _printf_percent_end.o
         6          0          0          0          0          0   _printf_s.o
        82          0          0          0          0         80   _printf_str.o
        36          0          0          0          0         84   _printf_truncate.o
         6          0          0          0          0          0   _printf_u.o
        44          0          0          0          0        108   _printf_wchar.o
       188          6          8          0          0         92   _printf_wctomb.o
         6          0          0          0          0          0   _printf_x.o
        10          0          0          0          0         68   _sputc.o
        64          0          0          0          0         92   _wcrtomb.o
       228          4        148          0          0         96   bigflt0.o
      1936        128          0          0          0        672   btod.o
        18          0          0          0          0         80   exit.o
         6          0          0          0          0        152   heapauxi.o
         0          0          0          0          0          0   indicate_semi.o
        44         10        272          0          0         76   lc_ctype_c.o
        44         10         28          0          0         76   lc_numeric_c.o
         2          0          0          0          0          0   libinit.o
        30          0          0          0          0          0   libinit2.o
         2          0          0          0          0          0   libshutdown.o
         2          0          0          0          0          0   libshutdown2.o
         8          4          0          0         96         68   libspace.o
        72          0          0          0          0         76   llsdiv.o
       138          0          0          0          0         80   lludiv10.o
       238          0          0          0          0        100   lludivv7m.o
        16          4          0          0          0         76   rt_ctype_table.o
         8          4          0          0          0         68   rt_locale_intlibspace.o
        78          0          0          0          0         80   rt_memclr_w.o
         2          0          0          0          0          0   rtexit.o
        10          0          0          0          0          0   rtexit2.o
       128          0          0          0          0         68   strcmpv7m.o
        62          0          0          0          0         76   strlen.o
        12          4          0          0          0         68   sys_exit.o
        74          0          0          0          0         80   sys_stackheap_outer.o
         2          0          0          0          0         68   use_no_semi.o
        36          4          0          0          0         76   vsprintf.o
        12          0          0          0          0         68   dretinf.o
        86          4          0          0          0         84   f2d.o
       430          8          0          0          0        168   faddsub_clz.o
       388         76          0          0          0         96   fdiv.o
        62          4          0          0          0         84   ffixu.o
        86          0          0          0          0        136   fflt_clz.o
       140          4          0          0          0         84   fnaninf.o
        10          0          0          0          0         68   fretinf.o
         4          0          0          0          0         68   printf1.o
         4          0          0          0          0         68   printf2.o
         0          0          0          0          0          0   usenofp.o
        40          0          0          0          0         68   fpclassify.o

    ----------------------------------------------------------------------
      8418        362        552          0         96       5216   Library Totals
        16          0          1          0          0          0   (incl. Padding)

    ----------------------------------------------------------------------

      Code (inc. data)   RO Data    RW Data    ZI Data      Debug   Library Name

      7140        266        551          0         96       4224   c_w.l
      1222         96          0          0          0        924   fz_ws.l
        40          0          0          0          0         68   m_ws.l

    ----------------------------------------------------------------------
      8418        362        552          0         96       5216   Library Totals

    ----------------------------------------------------------------------

==============================================================================


      Code (inc. data)   RO Data    RW Data    ZI Data      Debug   

     19014       1172        846         64       2280     968801   Grand Totals
     19014       1172        846         64       2280     968801   ELF Image Totals
     19014       1172        846         64          0          0   ROM Totals

==============================================================================

    Total RO  Size (Code + RO Data)                19860 (  19.39kB)
    Total RW  Size (RW Data + ZI Data)              2344 (   2.29kB)
    Total ROM Size (Code + RO Data + RW Data)      19924 (  19.46kB)

==============================================================================

